test succeeded 
test succeeded 
test succeeded 
test succeeded 
test succeeded 
test succeeded 
test succeeded 
test succeeded 
test succeeded 
test succeeded 
test succeeded 
test succeeded 
test succeeded 
test succeeded 
test succeeded 
test succeeded 
test succeeded 
test succeeded 
test succeeded 
test succeeded 
test succeeded 
test succeeded 
test succeeded 
test succeeded 
test succeeded 
test succeeded 
test succeeded 
test succeeded 
test succeeded 
test succeeded 
test succeeded 
test succeeded 
test succeeded 
test succeeded 
test succeeded 
test succeeded 
test succeeded 
test succeeded 
test succeeded 
test succeeded 
test succeeded 
test succeeded 
test succeeded 
test succeeded 
test succeeded 
test succeeded 
test succeeded 
test succeeded 
test succeeded 
test succeeded 
test succeeded 
test succeeded 
test succeeded 
test succeeded 
test succeeded 
test succeeded 
test succeeded 
test succeeded 
test succeeded 
test succeeded 
test succeeded 
test succeeded 
test succeeded 
test succeeded 
test succeeded 
test succeeded 
test succeeded 
test succeeded 
test succeeded 
test succeeded 
test succeeded 
test succeeded 
test succeeded 
test succeeded 
test succeeded 
test succeeded 
test succeeded 
test succeeded 
test succeeded 
test succeeded 
test succeeded 
test succeeded 
test succeeded 
test succeeded 
test succeeded 
test succeeded 
test succeeded 
test succeeded 
test succeeded 
test succeeded 
test succeeded 
test succeeded 
test succeeded 
test succeeded 
test succeeded 
test succeeded 
test succeeded 
test succeeded 
test succeeded 
test succeeded 
test succeeded 
test succeeded 
test succeeded 
test succeeded 
test succeeded 
test succeeded 
test succeeded 
test succeeded 
test succeeded 
test succeeded 
test succeeded 
test succeeded 
test succeeded 
test succeeded 
test succeeded 
test succeeded 
test succeeded 
test succeeded 
test succeeded 
test succeeded 
test succeeded 
test succeeded 
test succeeded 
test succeeded 
test succeeded 
test succeeded 
test succeeded 
test succeeded 
test succeeded 
test succeeded 
test succeeded 
test succeeded 
test succeeded 
test succeeded 
test succeeded 
test succeeded 
test succeeded 
test succeeded 
test succeeded 
test succeeded 
test succeeded 
test succeeded 
test succeeded 
test succeeded 
test succeeded 
test succeeded 
test succeeded 
test succeeded 
test succeeded 
test succeeded 
test succeeded 
test succeeded 
test succeeded 
test succeeded 
test succeeded 
test succeeded 
test succeeded 
test succeeded 
test succeeded 
test succeeded 
test succeeded 
test succeeded 
test succeeded 
test succeeded 
test succeeded 
test succeeded 
test succeeded 
test succeeded 
test succeeded 
test succeeded 
test succeeded 
test succeeded 
test succeeded 
test succeeded 
test succeeded 
test succeeded 
test succeeded 
test succeeded 
test succeeded 
test succeeded 
test succeeded 
test succeeded 
test succeeded 
test succeeded 
test succeeded 
test succeeded 
test succeeded 
test succeeded 
test succeeded 
test succeeded 
test succeeded 
test succeeded 
test succeeded 
test succeeded 
test succeeded 
test succeeded 
test succeeded 
test succeeded 
test succeeded 
test succeeded 
test succeeded 
test succeeded 
test succeeded 
test succeeded 
test succeeded 
test succeeded 
test succeeded 
test succeeded 
test succeeded 
test succeeded 
test succeeded 
test succeeded 
test succeeded 
test succeeded 
test succeeded 
test succeeded 
test succeeded 
test succeeded 
test succeeded 
test succeeded 
test succeeded 
test succeeded 
test succeeded 
test succeeded 
test succeeded 
test succeeded 
test succeeded 
test succeeded 
test succeeded 
test succeeded 
test succeeded 
test succeeded 
test succeeded 
test succeeded 
test succeeded 
test succeeded 
test succeeded 
test succeeded 
test succeeded 
test succeeded 
test succeeded 
test succeeded 
test succeeded 
test succeeded 
test succeeded 
test succeeded 
test succeeded 
test succeeded 
test succeeded 
test succeeded 
test succeeded 
test succeeded 
test succeeded 
test succeeded 
test succeeded 
test succeeded 
test succeeded 
test succeeded 
test succeeded 
test succeeded 
test succeeded 
test succeeded 
test succeeded 
test succeeded 
test succeeded 
test succeeded 
test succeeded 
test succeeded 
test succeeded 
test succeeded 
test succeeded 
test succeeded 
test succeeded 
test succeeded 
test succeeded 
test succeeded 
test succeeded 
test succeeded 
test succeeded 
test succeeded 
test succeeded 
test succeeded 
test succeeded 
test succeeded 
test succeeded 
test succeeded 
test succeeded 
test succeeded 
test succeeded 
test succeeded 
test succeeded 
test succeeded 
test succeeded 
test succeeded 
test succeeded 
test succeeded 
test succeeded 
test succeeded 
test succeeded 
test succeeded 
test succeeded 
test succeeded 
test succeeded 
test succeeded 
test succeeded 
test succeeded 
test succeeded 
test succeeded 
test succeeded 
test succeeded 
test succeeded 
test succeeded 
test succeeded 
test succeeded 
test succeeded 
test succeeded 
test succeeded 
test succeeded 
test succeeded 
test succeeded 
test succeeded 
test succeeded 
test succeeded 
test succeeded 
test succeeded 
test succeeded 
test succeeded 
test succeeded 
test succeeded 
test succeeded 
test succeeded 
test succeeded 
test succeeded 
test succeeded 
test succeeded 
test succeeded 
test succeeded 
test succeeded 
test succeeded 
test succeeded 
test succeeded 
test succeeded 
test succeeded 
test succeeded 
test succeeded 
test succeeded 
test succeeded 
test succeeded 
test succeeded 
test succeeded 
test succeeded 
test succeeded 
test succeeded 
test succeeded 
test succeeded 
test succeeded 
test succeeded 
test succeeded 
test succeeded 
test succeeded 
test succeeded 
test succeeded 
test succeeded 
test succeeded 
test succeeded 
test succeeded 
test succeeded 
test succeeded 
test succeeded 
test succeeded 
test succeeded 
test succeeded 
test succeeded 
test succeeded 
test succeeded 
test succeeded 
test succeeded 
test succeeded 
test succeeded 
test succeeded 
test succeeded 
test succeeded 
test succeeded 
test succeeded 
test succeeded 
test succeeded 
test succeeded 
test succeeded 
test succeeded 
test succeeded 
test succeeded 
test succeeded 
test succeeded 
test succeeded 
test succeeded 
test succeeded 
test succeeded 
test succeeded 
test succeeded 
test succeeded 
test succeeded 
test succeeded 
test succeeded 
test succeeded 
test succeeded 
test succeeded 
test succeeded 
test succeeded 
test succeeded 
test succeeded 
test succeeded 
test succeeded 
test succeeded 
test succeeded 
test succeeded 
test succeeded 
test succeeded 
test succeeded 
test succeeded 
test succeeded 
test succeeded 
test succeeded 
test succeeded 
test succeeded 
test succeeded 
test succeeded 
test succeeded 
test succeeded 
test succeeded 
test succeeded 
test succeeded 
test succeeded 
test succeeded 
test succeeded 
test succeeded 
test succeeded 
test succeeded 
test succeeded 
test succeeded 
test succeeded 
test succeeded 
test succeeded 
test succeeded 
test succeeded 
test succeeded 
test succeeded 
test succeeded 
test succeeded 
test succeeded 
test succeeded 
test succeeded 
test succeeded 
test succeeded 
test succeeded 
test succeeded 
test succeeded 
test succeeded 
test succeeded 
test succeeded 
test succeeded 
test succeeded 
test succeeded 
test succeeded 
test succeeded 
test succeeded 
test succeeded 
test succeeded 
test succeeded 
test succeeded 
test succeeded 
test succeeded 
test succeeded 
test succeeded 
test succeeded 
test succeeded 
test succeeded 
test succeeded 
test succeeded 
test succeeded 
test succeeded 
test succeeded 
test succeeded 
test succeeded 
test succeeded 
test succeeded 
test succeeded 
test succeeded 
test succeeded 
test succeeded 
test succeeded 
test succeeded 
test succeeded 
test succeeded 
test succeeded 
test succeeded 
test succeeded 
test succeeded 
test succeeded 
test succeeded 
test succeeded 
test succeeded 
test succeeded 
test succeeded 
test succeeded 
test succeeded 
test succeeded 
test succeeded 
test succeeded 
test succeeded 
test succeeded 
test succeeded 
test succeeded 
test succeeded 
test succeeded 
test succeeded 
test succeeded 
test succeeded 
test succeeded 
test succeeded 
test succeeded 
test succeeded 
test succeeded 
test succeeded 
test succeeded 
test succeeded 
test succeeded 
test succeeded 
test succeeded 
test succeeded 
test succeeded 
test succeeded 
test succeeded 
test succeeded 
test succeeded 
test succeeded 
test succeeded 
test succeeded 
test succeeded 
test succeeded 
test succeeded 
test succeeded 
test succeeded 
test succeeded 
test succeeded 
test succeeded 
test succeeded 
test succeeded 
test succeeded 
test succeeded 
test succeeded 
test succeeded 
test succeeded 
test succeeded 
test succeeded 
test succeeded 
test succeeded 
test succeeded 
test succeeded 
test succeeded 
test succeeded 
test succeeded 
test succeeded 
test succeeded 
test succeeded 
test succeeded 
test succeeded 
test succeeded 
test succeeded 
test succeeded 
test succeeded 
test succeeded 
test succeeded 
test succeeded 
test succeeded 
test succeeded 
test succeeded 
test succeeded 
test succeeded 
test succeeded 
test succeeded 
test succeeded 
test succeeded 
test succeeded 
test succeeded 
test succeeded 
test succeeded 
test succeeded 
test succeeded 
test succeeded 
test succeeded 
test succeeded 
test succeeded 
test succeeded 
test succeeded 
test succeeded 
test succeeded 
test succeeded 
test succeeded 
test succeeded 
test succeeded 
test succeeded 
test succeeded 
test succeeded 
test succeeded 
test succeeded 
test succeeded 
test succeeded 
test succeeded 
test succeeded 
test succeeded 
test succeeded 
test succeeded 
test succeeded 
test succeeded 
test succeeded 
test succeeded 
test succeeded 
test succeeded 
test succeeded 
test succeeded 
test succeeded 
test succeeded 
test succeeded 
test succeeded 
test succeeded 
test succeeded 
test succeeded 
test succeeded 
test succeeded 
test succeeded 
test succeeded 
test succeeded 
test succeeded 
test succeeded 
test succeeded 
test succeeded 
test succeeded 
test succeeded 
test succeeded 
test succeeded 
test succeeded 
test succeeded 
test succeeded 
test succeeded 
test succeeded 
test succeeded 
test succeeded 
test succeeded 
test succeeded 
test succeeded 
test succeeded 
test succeeded 
test succeeded 
test succeeded 
test succeeded 
test succeeded 
test succeeded 
test succeeded 
test succeeded 
test succeeded 
test succeeded 
test succeeded 
test succeeded 
test succeeded 
test succeeded 
test succeeded 
test succeeded 
test succeeded 
test succeeded 
test succeeded 
test succeeded 
test succeeded 
test succeeded 
test succeeded 
test succeeded 
test succeeded 
test succeeded 
test succeeded 
test succeeded 
test succeeded 
test succeeded 
test succeeded 
test succeeded 
test succeeded 
test succeeded 
test succeeded 
test succeeded 
test succeeded 
test succeeded 
test succeeded 
test succeeded 
test succeeded 
test succeeded 
test succeeded 
test succeeded 
test succeeded 
test succeeded 
test succeeded 
test succeeded 
test succeeded 
test succeeded 
test succeeded 
test succeeded 
test succeeded 
test succeeded 
test succeeded 
test succeeded 
test succeeded 
test succeeded 
test succeeded 
test succeeded 
test succeeded 
test succeeded 
test succeeded 
test succeeded 
test succeeded 
test succeeded 
test succeeded 
test succeeded 
test succeeded 
test succeeded 
test succeeded 
test succeeded 
test succeeded 
test succeeded 
test succeeded 
test succeeded 
test succeeded 
test succeeded 
test succeeded 
test succeeded 
test succeeded 
test succeeded 
test succeeded 
test succeeded 
test succeeded 
test succeeded 
test succeeded 
test succeeded 
test succeeded 
test succeeded 
test succeeded 
test succeeded 
test succeeded 
test succeeded 
test succeeded 
test succeeded 
test succeeded 
test succeeded 
test succeeded 
test succeeded 
test succeeded 
test succeeded 
test succeeded 
test succeeded 
test succeeded 
test succeeded 
test succeeded 
test succeeded 
test succeeded 
test succeeded 
test succeeded 
test succeeded 
test succeeded 
test succeeded 
test succeeded 
test succeeded 
test succeeded 
test succeeded 
test succeeded 
test succeeded 
test succeeded 
test succeeded 
test succeeded 
test succeeded 
test succeeded 
test succeeded 
test succeeded 
test succeeded 
test succeeded 
test succeeded 
test succeeded 
test succeeded 
test succeeded 
test succeeded 
test succeeded 
test succeeded 
test succeeded 
test succeeded 
test succeeded 
test succeeded 
test succeeded 
test succeeded 
test succeeded 
test succeeded 
test succeeded 
test succeeded 
test succeeded 
test succeeded 
test succeeded 
test succeeded 
test succeeded 
test succeeded 
test succeeded 
test succeeded 
test succeeded 
test succeeded 
test succeeded 
test succeeded 
test succeeded 
test succeeded 
test succeeded 
test succeeded 
test succeeded 
test succeeded 
test succeeded 
test succeeded 
test succeeded 
test succeeded 
test succeeded 
test succeeded 
test succeeded 
test succeeded 
test succeeded 
test succeeded 
test succeeded 
test succeeded 
test succeeded 
test succeeded 
test succeeded 
test succeeded 
test succeeded 
test succeeded 
test succeeded 
test succeeded 
test succeeded 
test succeeded 
test succeeded 
test succeeded 
test succeeded 
test succeeded 
test succeeded 
test succeeded 
test succeeded 
test succeeded 
test succeeded 
test succeeded 
test succeeded 
test succeeded 
test succeeded 
test succeeded 
test succeeded 
test succeeded 
test succeeded 
test succeeded 
test succeeded 
test succeeded 
test succeeded 
test succeeded 
test succeeded 
test succeeded 
test succeeded 
test succeeded 
test succeeded 
test succeeded 
test succeeded 
test succeeded 
test succeeded 
test succeeded 
test succeeded 
test succeeded 
test succeeded 
test succeeded 
test succeeded 
test succeeded 
test succeeded 
test succeeded 
test succeeded 
test succeeded 
test succeeded 
test succeeded 
test succeeded 
test succeeded 
test succeeded 
test succeeded 
test succeeded 
test succeeded 
test succeeded 
test succeeded 
test succeeded 
test succeeded 
test succeeded 
test succeeded 
test succeeded 
test succeeded 
test succeeded 
test succeeded 
test succeeded 
test succeeded 
test succeeded 
test succeeded 
test succeeded 
test succeeded 
test succeeded 
test succeeded 
test succeeded 
test succeeded 
test succeeded 
test succeeded 
test succeeded 
test succeeded 
test succeeded 
test succeeded 
test succeeded 
test succeeded 
test succeeded 
test succeeded 
test succeeded 
test succeeded 
test succeeded 
test succeeded 
test succeeded 
test succeeded 
test succeeded 
test succeeded 
test succeeded 
test succeeded 
test succeeded 
test succeeded 
test succeeded 
test succeeded 
test succeeded 
test succeeded 
test succeeded 
test succeeded 
test succeeded 
test succeeded 
test succeeded 
test succeeded 
test succeeded 
test succeeded 
test succeeded 
test succeeded 
test succeeded 
test succeeded 
test succeeded 
test succeeded 
test succeeded 
test succeeded 
test succeeded 
test succeeded 
test succeeded 
test succeeded 
test succeeded 
test succeeded 
test succeeded 
test succeeded 
test succeeded 
test succeeded 
test succeeded 
test succeeded 
test succeeded 
test succeeded 
test succeeded 
test succeeded 
test succeeded 
test succeeded 
test succeeded 
test succeeded 
test succeeded 
test succeeded 
test succeeded 
test succeeded 
test succeeded 
test succeeded 
test succeeded 
test succeeded 
test succeeded 
test succeeded 
test succeeded 
test succeeded 
test succeeded 
test succeeded 
test succeeded 
test succeeded 
test succeeded 
test succeeded 
test succeeded 
test succeeded 
test succeeded 
test succeeded 
test succeeded 
test succeeded 
test succeeded 
test succeeded 
test succeeded 
test succeeded 
test succeeded 
test succeeded 
test succeeded 
test succeeded 
test succeeded 
test succeeded 
test succeeded 
test succeeded 
test succeeded 
test succeeded 
test succeeded 
test succeeded 
test succeeded 
test succeeded 
test succeeded 
test succeeded 
test succeeded 
test succeeded 
test succeeded 
test succeeded 
test succeeded 
test succeeded 
test succeeded 
test succeeded 
test succeeded 
test succeeded 
test succeeded 
test succeeded 
test succeeded 
test succeeded 
test succeeded 
test succeeded 
test succeeded 
test succeeded 
test succeeded 
test succeeded 
test succeeded 
test succeeded 
test succeeded 
test succeeded 
test succeeded 
test succeeded 
test succeeded 
test succeeded 
test succeeded 
test succeeded 
test succeeded 
test succeeded 
test succeeded 
test succeeded 
test succeeded 
test succeeded 
test succeeded 
test succeeded 
test succeeded 
test succeeded 
test succeeded 
test succeeded 
test succeeded 
test succeeded 
test succeeded 
test succeeded 
test succeeded 
test succeeded 
test succeeded 
test succeeded 
test succeeded 
test succeeded 
test succeeded 
test succeeded 
test succeeded 
test succeeded 
test succeeded 
test succeeded 
test succeeded 
test succeeded 
test succeeded 
test succeeded 
test succeeded 
test succeeded 
test succeeded 
test succeeded 
test succeeded 
test succeeded 
test succeeded 
test succeeded 
test succeeded 
test succeeded 
test succeeded 
test succeeded 
test succeeded 
test succeeded 
test succeeded 
test succeeded 
test succeeded 
test succeeded 
test succeeded 
test succeeded 
test succeeded 
test succeeded 
test succeeded 
test succeeded 
test succeeded 
test succeeded 
test succeeded 
test succeeded 
test succeeded 
test succeeded 
test succeeded 
test succeeded 
test succeeded 
test succeeded 
test succeeded 
test succeeded 
test succeeded 
test succeeded 
test succeeded 
test succeeded 
test succeeded 
test succeeded 
test succeeded 
test succeeded 
test succeeded 
test succeeded 
test succeeded 
test succeeded 
test succeeded 
test succeeded 
test succeeded 
test succeeded 
test succeeded 
test succeeded 
test succeeded 
test succeeded 
test succeeded 
test succeeded 
test succeeded 
test succeeded 
test succeeded 
test succeeded 
test succeeded 
test succeeded 
test succeeded 
test succeeded 
test succeeded 
test succeeded 
test succeeded 
test succeeded 
test succeeded 
test succeeded 
test succeeded 
test succeeded 
test succeeded 
test succeeded 
test succeeded 
test succeeded 
test succeeded 
test succeeded 
test succeeded 
test succeeded 
test succeeded 
test succeeded 
test succeeded 
test succeeded 
test succeeded 
test succeeded 
test succeeded 
test succeeded 
test succeeded 
test succeeded 
test succeeded 
test succeeded 
test succeeded 
test succeeded 
test succeeded 
test succeeded 
test succeeded 
test succeeded 
test succeeded 
test succeeded 
test succeeded 
test succeeded 
test succeeded 
test succeeded 
test succeeded 
test succeeded 
test succeeded 
test succeeded 
test succeeded 
test succeeded 
test succeeded 
test succeeded 
test succeeded 
test succeeded 
test succeeded 
test succeeded 
test succeeded 
test succeeded 
test succeeded 
test succeeded 
test succeeded 
test succeeded 
test succeeded 
test succeeded 
test succeeded 
test succeeded 
test succeeded 
test succeeded 
test succeeded 
test succeeded 
test succeeded 
test succeeded 
test succeeded 
test succeeded 
test succeeded 
test succeeded 
test succeeded 
test succeeded 
test succeeded 
test succeeded 
test succeeded 
test succeeded 
test succeeded 
test succeeded 
test succeeded 
test succeeded 
test succeeded 
test succeeded 
test succeeded 
test succeeded 
test succeeded 
test succeeded 
test succeeded 
test succeeded 
test succeeded 
test succeeded 
test succeeded 
test succeeded 
test succeeded 
test succeeded 
test succeeded 
test succeeded 
test succeeded 
test succeeded 
test succeeded 
test succeeded 
test succeeded 
test succeeded 
test succeeded 
test succeeded 
test succeeded 
test succeeded 
test succeeded 
test succeeded 
test succeeded 
test succeeded 
test succeeded 
test succeeded 
test succeeded 
test succeeded 
test succeeded 
test succeeded 
test succeeded 
test succeeded 
test succeeded 
test succeeded 
test succeeded 
test succeeded 
test succeeded 
test succeeded 
test succeeded 
test succeeded 
test succeeded 
test succeeded 
test succeeded 
test succeeded 
test succeeded 
test succeeded 
test succeeded 
test succeeded 
test succeeded 
test succeeded 
test succeeded 
test succeeded 
test succeeded 
test succeeded 
test succeeded 
test succeeded 
test succeeded 
test succeeded 
test succeeded 
test succeeded 
test succeeded 
test succeeded 
test succeeded 
test succeeded 
test succeeded 
test succeeded 
test succeeded 
test succeeded 
test succeeded 
test succeeded 
test succeeded 
test succeeded 
test succeeded 
test succeeded 
test succeeded 
test succeeded 
test succeeded 
test succeeded 
test succeeded 
test succeeded 
test succeeded 
test succeeded 
test succeeded 
test succeeded 
test succeeded 
test succeeded 
test succeeded 
test succeeded 
test succeeded 
test succeeded 
test succeeded 
test succeeded 
test succeeded 
test succeeded 
test succeeded 
test succeeded 
test succeeded 
test succeeded 
test succeeded 
test succeeded 
test succeeded 
test succeeded 
test succeeded 
test succeeded 
test succeeded 
test succeeded 
test succeeded 
test succeeded 
test succeeded 
test succeeded 
test succeeded 
test succeeded 
test succeeded 
test succeeded 
test succeeded 
test succeeded 
test succeeded 
test succeeded 
test succeeded 
test succeeded 
test succeeded 
test succeeded 
test succeeded 
test succeeded 
test succeeded 
test succeeded 
test succeeded 
test succeeded 
test succeeded 
test succeeded 
test succeeded 
test succeeded 
test succeeded 
test succeeded 
test succeeded 
test succeeded 
test succeeded 
test succeeded 
test succeeded 
test succeeded 
test succeeded 
test succeeded 
test succeeded 
test succeeded 
test succeeded 
test succeeded 
test succeeded 
test succeeded 
test succeeded 
test succeeded 
test succeeded 
test succeeded 
test succeeded 
test succeeded 
test succeeded 
test succeeded 
test succeeded 
test succeeded 
test succeeded 
test succeeded 
test succeeded 
test succeeded 
test succeeded 
test succeeded 
test succeeded 
test succeeded 
test succeeded 
test succeeded 
test succeeded 
test succeeded 
test succeeded 
test succeeded 
test succeeded 
test succeeded 
test succeeded 
test succeeded 
test succeeded 
test succeeded 
test succeeded 
test succeeded 
test succeeded 
test succeeded 
test succeeded 
test succeeded 
test succeeded 
test succeeded 
test succeeded 
test succeeded 
test succeeded 
test succeeded 
test succeeded 
test succeeded 
test succeeded 
test succeeded 
test succeeded 
test succeeded 
test succeeded 
test succeeded 
test succeeded 
test succeeded 
test succeeded 
test succeeded 
test succeeded 
test succeeded 
test succeeded 
test succeeded 
test succeeded 
test succeeded 
test succeeded 
test succeeded 
test succeeded 
test succeeded 
test succeeded 
test succeeded 
test succeeded 
test succeeded 
test succeeded 
test succeeded 
test succeeded 
test succeeded 
test succeeded 
test succeeded 
test succeeded 
test succeeded 
test succeeded 
test succeeded 
test succeeded 
test succeeded 
test succeeded 
test succeeded 
test succeeded 
test succeeded 
test succeeded 
test succeeded 
test succeeded 
test succeeded 
test succeeded 
test succeeded 
test succeeded 
test succeeded 
test succeeded 
test succeeded 
test succeeded 
test succeeded 
test succeeded 
test succeeded 
test succeeded 
test succeeded 
test succeeded 
test succeeded 
test succeeded 
test succeeded 
test succeeded 
test succeeded 
test succeeded 
test succeeded 
test succeeded 
test succeeded 
test succeeded 
test succeeded 
test succeeded 
test succeeded 
test succeeded 
test succeeded 
test succeeded 
test succeeded 
test succeeded 
test succeeded 
test succeeded 
test succeeded 
test succeeded 
test succeeded 
test succeeded 
test succeeded 
test succeeded 
test succeeded 
test succeeded 
test succeeded 
test succeeded 
test succeeded 
test succeeded 
test succeeded 
test succeeded 
test succeeded 
test succeeded 
test succeeded 
test succeeded 
test succeeded 
test succeeded 
test succeeded 
test succeeded 
test succeeded 
test succeeded 
test succeeded 
test succeeded 
test succeeded 
test succeeded 
test succeeded 
test succeeded 
test succeeded 
test succeeded 
test succeeded 
test succeeded 
test succeeded 
test succeeded 
test succeeded 
test succeeded 
test succeeded 
test succeeded 
test succeeded 
test succeeded 
test succeeded 
test succeeded 
test succeeded 
test succeeded 
test succeeded 
test succeeded 
test succeeded 
test succeeded 
test succeeded 
test succeeded 
test succeeded 
test succeeded 
test succeeded 
test succeeded 
test succeeded 
test succeeded 
test succeeded 
test succeeded 
test succeeded 
test succeeded 
test succeeded 
test succeeded 
test succeeded 
test succeeded 
test succeeded 
test succeeded 
test succeeded 
test succeeded 
test succeeded 
test succeeded 
test succeeded 
test succeeded 
test succeeded 
test succeeded 
test succeeded 
test succeeded 
test succeeded 
test succeeded 
test succeeded 
test succeeded 
test succeeded 
test succeeded 
test succeeded 
test succeeded 
test succeeded 
test succeeded 
test succeeded 
test succeeded 
test succeeded 
test succeeded 
test succeeded 
test succeeded 
test succeeded 
test succeeded 
test succeeded 
test succeeded 
test succeeded 
test succeeded 
test succeeded 
test succeeded 
test succeeded 
test succeeded 
test succeeded 
test succeeded 
test succeeded 
test succeeded 
test succeeded 
test succeeded 
test succeeded 
test succeeded 
test succeeded 
test succeeded 
test succeeded 
test succeeded 
test succeeded 
test succeeded 
test succeeded 
test succeeded 
test succeeded 
test succeeded 
test succeeded 
test succeeded 
test succeeded 
test succeeded 
test succeeded 
test succeeded 
test succeeded 
test succeeded 
test succeeded 
test succeeded 
test succeeded 
test succeeded 
test succeeded 
test succeeded 
test succeeded 
test succeeded 
test succeeded 
test succeeded 
test succeeded 
test succeeded 
test succeeded 
test succeeded 
test succeeded 
test succeeded 
test succeeded 
test succeeded 
test succeeded 
test succeeded 
test succeeded 
test succeeded 
test succeeded 
test succeeded 
test succeeded 
test succeeded 
test succeeded 
test succeeded 
test succeeded 
test succeeded 
test succeeded 
test succeeded 
test succeeded 
test succeeded 
test succeeded 
test succeeded 
test succeeded 
test succeeded 
test succeeded 
test succeeded 
test succeeded 
test succeeded 
test succeeded 
test succeeded 
test succeeded 
test succeeded 
test succeeded 
test succeeded 
test succeeded 
test succeeded 
test succeeded 
test succeeded 
test succeeded 
test succeeded 
test succeeded 
test succeeded 
test succeeded 
test succeeded 
test succeeded 
test succeeded 
test succeeded 
test succeeded 
test succeeded 
test succeeded 
test succeeded 
test succeeded 
test succeeded 
test succeeded 
test succeeded 
test succeeded 
test succeeded 
test succeeded 
test succeeded 
test succeeded 
test succeeded 
test succeeded 
test succeeded 
test succeeded 
test succeeded 
test succeeded 
test succeeded 
test succeeded 
test succeeded 
test succeeded 
test succeeded 
test succeeded 
test succeeded 
test succeeded 
test succeeded 
test succeeded 
test succeeded 
test succeeded 
test succeeded 
test succeeded 
test succeeded 
test succeeded 
test succeeded 
test succeeded 
test succeeded 
test succeeded 
test succeeded 
test succeeded 
test succeeded 
test succeeded 
test succeeded 
test succeeded 
test succeeded 
test succeeded 
test succeeded 
test succeeded 
test succeeded 
test succeeded 
test succeeded 
test succeeded 
test succeeded 
test succeeded 
test succeeded 
test succeeded 
test succeeded 
test succeeded 
test succeeded 
test succeeded 
test succeeded 
test succeeded 
test succeeded 
test succeeded 
test succeeded 
test succeeded 
test succeeded 
test succeeded 
test succeeded 
test succeeded 
test succeeded 
test succeeded 
test succeeded 
test succeeded 
test succeeded 
test succeeded 
test succeeded 
test succeeded 
test succeeded 
test succeeded 
test succeeded 
test succeeded 
test succeeded 
test succeeded 
test succeeded 
test succeeded 
test succeeded 
test succeeded 
test succeeded 
test succeeded 
test succeeded 
test succeeded 
test succeeded 
test succeeded 
test succeeded 
test succeeded 
test succeeded 
test succeeded 
test succeeded 
test succeeded 
test succeeded 
test succeeded 
test succeeded 
test succeeded 
test succeeded 
test succeeded 
test succeeded 
test succeeded 
test succeeded 
test succeeded 
test succeeded 
test succeeded 
test succeeded 
test succeeded 
test succeeded 
test succeeded 
test succeeded 
test succeeded 
test succeeded 
test succeeded 
test succeeded 
test succeeded 
test succeeded 
test succeeded 
test succeeded 
test succeeded 
test succeeded 
test succeeded 
test succeeded 
test succeeded 
test succeeded 
test succeeded 
test succeeded 
test succeeded 
test succeeded 
test succeeded 
test succeeded 
test succeeded 
test succeeded 
test succeeded 
test succeeded 
test succeeded 
test succeeded 
test succeeded 
test succeeded 
test succeeded 
test succeeded 
test succeeded 
test succeeded 
test succeeded 
test succeeded 
test succeeded 
test succeeded 
test succeeded 
test succeeded 
test succeeded 
test succeeded 
test succeeded 
test succeeded 
test succeeded 
test succeeded 
test succeeded 
test succeeded 
test succeeded 
test succeeded 
test succeeded 
test succeeded 
test succeeded 
test succeeded 
test succeeded 
test succeeded 
test succeeded 
test succeeded 
test succeeded 
test succeeded 
test succeeded 
test succeeded 
test succeeded 
test succeeded 
test succeeded 
test succeeded 
test succeeded 
test succeeded 
test succeeded 
test succeeded 
test succeeded 
test succeeded 
test succeeded 
test succeeded 
test succeeded 
test succeeded 
test succeeded 
test succeeded 
test succeeded 
test succeeded 
test succeeded 
test succeeded 
test succeeded 
test succeeded 
test succeeded 
test succeeded 
test succeeded 
test succeeded 
test succeeded 
test succeeded 
test succeeded 
test succeeded 
test succeeded 
test succeeded 
test succeeded 
test succeeded 
test succeeded 
test succeeded 
test succeeded 
test succeeded 
test succeeded 
test succeeded 
test succeeded 
test succeeded 
test succeeded 
test succeeded 
test succeeded 
test succeeded 
test succeeded 
test succeeded 
test succeeded 
test succeeded 
test succeeded 
test succeeded 
test succeeded 
test succeeded 
test succeeded 
test succeeded 
test succeeded 
test succeeded 
test succeeded 
test succeeded 
test succeeded 
test succeeded 
test succeeded 
test succeeded 
test succeeded 
test succeeded 
test succeeded 
test succeeded 
test succeeded 
test succeeded 
test succeeded 
test succeeded 
test succeeded 
test succeeded 
test succeeded 
test succeeded 
test succeeded 
test succeeded 
test succeeded 
test succeeded 
test succeeded 
test succeeded 
test succeeded 
test succeeded 
test succeeded 
test succeeded 
test succeeded 
test succeeded 
test succeeded 
test succeeded 
test succeeded 
test succeeded 
test succeeded 
test succeeded 
test succeeded 
test succeeded 
test succeeded 
test succeeded 
test succeeded 
test succeeded 
test succeeded 
test succeeded 
test succeeded 
test succeeded 
test succeeded 
test succeeded 
test succeeded 
test succeeded 
test succeeded 
test succeeded 
test succeeded 
test succeeded 
test succeeded 
test succeeded 
test succeeded 
test succeeded 
test succeeded 
test succeeded 
test succeeded 
test succeeded 
test succeeded 
test succeeded 
test succeeded 
test succeeded 
test succeeded 
test succeeded 
test succeeded 
test succeeded 
test succeeded 
test succeeded 
test succeeded 
test succeeded 
test succeeded 
test succeeded 
test succeeded 
test succeeded 
test succeeded 
test succeeded 
test succeeded 
test succeeded 
test succeeded 
test succeeded 
test succeeded 
test succeeded 
test succeeded 
test succeeded 
test succeeded 
test succeeded 
test succeeded 
test succeeded 
test succeeded 
test succeeded 
test succeeded 
test succeeded 
test succeeded 
test succeeded 
test succeeded 
test succeeded 
test succeeded 
test succeeded 
test succeeded 
test succeeded 
test succeeded 
test succeeded 
test succeeded 
test succeeded 
test succeeded 
test succeeded 
test succeeded 
test succeeded 
test succeeded 
test succeeded 
test succeeded 
test succeeded 
test succeeded 
test succeeded 
test succeeded 
test succeeded 
test succeeded 
test succeeded 
test succeeded 
test succeeded 
test succeeded 
test succeeded 
test succeeded 
test succeeded 
test succeeded 
test succeeded 
test succeeded 
test succeeded 
test succeeded 
test succeeded 
test succeeded 
test succeeded 
test succeeded 
test succeeded 
test succeeded 
test succeeded 
test succeeded 
test succeeded 
test succeeded 
test succeeded 
test succeeded 
test succeeded 
test succeeded 
test succeeded 
test succeeded 
test succeeded 
test succeeded 
test succeeded 
test succeeded 
test succeeded 
test succeeded 
test succeeded 
test succeeded 
test succeeded 
test succeeded 
test succeeded 
test succeeded 
test succeeded 
test succeeded 
test succeeded 
test succeeded 
test succeeded 
test succeeded 
test succeeded 
test succeeded 
test succeeded 
test succeeded 
test succeeded 
test succeeded 
test succeeded 
test succeeded 
test succeeded 
test succeeded 
test succeeded 
test succeeded 
test succeeded 
test succeeded 
test succeeded 
test succeeded 
test succeeded 
test succeeded 
test succeeded 
test succeeded 
test succeeded 
test succeeded 
test succeeded 
test succeeded 
test succeeded 
test succeeded 
test succeeded 
test succeeded 
test succeeded 
test succeeded 
test succeeded 
test succeeded 
test succeeded 
test succeeded 
test succeeded 
test succeeded 
test succeeded 
test succeeded 
test succeeded 
test succeeded 
test succeeded 
test succeeded 
test succeeded 
test succeeded 
test succeeded 
test succeeded 
test succeeded 
test succeeded 
test succeeded 
test succeeded 
test succeeded 
test succeeded 
test succeeded 
test succeeded 
test succeeded 
test succeeded 
test succeeded 
test succeeded 
test succeeded 
test succeeded 
test succeeded 
test succeeded 
test succeeded 
test succeeded 
test succeeded 
test succeeded 
test succeeded 
test succeeded 
test succeeded 
test succeeded 
test succeeded 
test succeeded 
test succeeded 
test succeeded 
test succeeded 
test succeeded 
test succeeded 
test succeeded 
test succeeded 
test succeeded 
test succeeded 
test succeeded 
test succeeded 
test succeeded 
test succeeded 
test succeeded 
test succeeded 
test succeeded 
test succeeded 
test succeeded 
test succeeded 
test succeeded 
test succeeded 
test succeeded 
test succeeded 
test succeeded 
test succeeded 
test succeeded 
test succeeded 
test succeeded 
test succeeded 
test succeeded 
test succeeded 
test succeeded 
test succeeded 
test succeeded 
test succeeded 
test succeeded 
test succeeded 
test succeeded 
test succeeded 
test succeeded 
test succeeded 
test succeeded 
test succeeded 
test succeeded 
test succeeded 
test succeeded 
test succeeded 
test succeeded 
test succeeded 
test succeeded 
test succeeded 
test succeeded 
test succeeded 
test succeeded 
test succeeded 
test succeeded 
test succeeded 
test succeeded 
test succeeded 
test succeeded 
test succeeded 
test succeeded 
test succeeded 
test succeeded 
test succeeded 
test succeeded 
test succeeded 
test succeeded 
test succeeded 
test succeeded 
test succeeded 
test succeeded 
test succeeded 
test succeeded 
test succeeded 
test succeeded 
test succeeded 
test succeeded 
test succeeded 
test succeeded 
test succeeded 
test succeeded 
test succeeded 
test succeeded 
test succeeded 
test succeeded 
test succeeded 
test succeeded 
test succeeded 
test succeeded 
test succeeded 
test succeeded 
test succeeded 
test succeeded 
test succeeded 
test succeeded 
test succeeded 
test succeeded 
test succeeded 
test succeeded 
test succeeded 
test succeeded 
test succeeded 
test succeeded 
test succeeded 
test succeeded 
test succeeded 
test succeeded 
test succeeded 
test succeeded 
test succeeded 
test succeeded 
test succeeded 
test succeeded 
test succeeded 
test succeeded 
test succeeded 
test succeeded 
test succeeded 
test succeeded 
test succeeded 
test succeeded 
test succeeded 
test succeeded 
test succeeded 
test succeeded 
test succeeded 
test succeeded 
test succeeded 
test succeeded 
test succeeded 
test succeeded 
test succeeded 
test succeeded 
test succeeded 
test succeeded 
test succeeded 
test succeeded 
test succeeded 
test succeeded 
test succeeded 
test succeeded 
test succeeded 
test succeeded 
test succeeded 
test succeeded 
test succeeded 
test succeeded 
test succeeded 
test succeeded 
test succeeded 
test succeeded 
test succeeded 
test succeeded 
test succeeded 
test succeeded 
test succeeded 
test succeeded 
test succeeded 
test succeeded 
test succeeded 
test succeeded 
test succeeded 
test succeeded 
test succeeded 
test succeeded 
test succeeded 
test succeeded 
test succeeded 
test succeeded 
test succeeded 
test succeeded 
test succeeded 
test succeeded 
test succeeded 
test succeeded 
test succeeded 
test succeeded 
test succeeded 
test succeeded 
test succeeded 
test succeeded 
test succeeded 
test succeeded 
test succeeded 
test succeeded 
test succeeded 
test succeeded 
test succeeded 
test succeeded 
test succeeded 
test succeeded 
test succeeded 
test succeeded 
test succeeded 
test succeeded 
test succeeded 
test succeeded 
test succeeded 
test succeeded 
test succeeded 
test succeeded 
test succeeded 
test succeeded 
test succeeded 
test succeeded 
test succeeded 
test succeeded 
test succeeded 
test succeeded 
test succeeded 
test succeeded 
test succeeded 
test succeeded 
test succeeded 
test succeeded 
test succeeded 
test succeeded 
test succeeded 
test succeeded 
test succeeded 
test succeeded 
test succeeded 
test succeeded 
test succeeded 
test succeeded 
test succeeded 
test succeeded 
test succeeded 
test succeeded 
test succeeded 
test succeeded 
test succeeded 
test succeeded 
test succeeded 
test succeeded 
test succeeded 
test succeeded 
test succeeded 
test succeeded 
test succeeded 
test succeeded 
test succeeded 
test succeeded 
test succeeded 
test succeeded 
test succeeded 
test succeeded 
test succeeded 
test succeeded 
test succeeded 
test succeeded 
test succeeded 
test succeeded 
test succeeded 
test succeeded 
test succeeded 
test succeeded 
test succeeded 
test succeeded 
test succeeded 
test succeeded 
test succeeded 
test succeeded 
test succeeded 
test succeeded 
test succeeded 
test succeeded 
test succeeded 
test succeeded 
test succeeded 
test succeeded 
test succeeded 
test succeeded 
test succeeded 
test succeeded 
test succeeded 
test succeeded 
test succeeded 
test succeeded 
test succeeded 
test succeeded 
test succeeded 
test succeeded 
test succeeded 
test succeeded 
test succeeded 
test succeeded 
test succeeded 
test succeeded 
test succeeded 
test succeeded 
test succeeded 
test succeeded 
test succeeded 
test succeeded 
test succeeded 
test succeeded 
test succeeded 
test succeeded 
test succeeded 
test succeeded 
test succeeded 
test succeeded 
test succeeded 
test succeeded 
test succeeded 
test succeeded 
test succeeded 
test succeeded 
test succeeded 
test succeeded 
test succeeded 
test succeeded 
test succeeded 
test succeeded 
test succeeded 
test succeeded 
test succeeded 
test succeeded 
test succeeded 
test succeeded 
test succeeded 
test succeeded 
test succeeded 
test succeeded 
test succeeded 
test succeeded 
test succeeded 
test succeeded 
test succeeded 
test succeeded 
test succeeded 
test succeeded 
test succeeded 
test succeeded 
test succeeded 
test succeeded 
test succeeded 
test succeeded 
test succeeded 
test succeeded 
test succeeded 
test succeeded 
test succeeded 
test succeeded 
test succeeded 
test succeeded 
test succeeded 
test succeeded 
test succeeded 
test succeeded 
test succeeded 
test succeeded 
test succeeded 
test succeeded 
test succeeded 
test succeeded 
test succeeded 
test succeeded 
test succeeded 
test succeeded 
test succeeded 
test succeeded 
test succeeded 
test succeeded 
test succeeded 
test succeeded 
test succeeded 
test succeeded 
test succeeded 
test succeeded 
test succeeded 
test succeeded 
test succeeded 
test succeeded 
test succeeded 
test succeeded 
test succeeded 
test succeeded 
test succeeded 
test succeeded 
test succeeded 
test succeeded 
test succeeded 
test succeeded 
test succeeded 
test succeeded 
test succeeded 
test succeeded 
test succeeded 
test succeeded 
test succeeded 
test succeeded 
test succeeded 
test succeeded 
test succeeded 
test succeeded 
test succeeded 
test succeeded 
test succeeded 
test succeeded 
test succeeded 
test succeeded 
test succeeded 
test succeeded 
test succeeded 
test succeeded 
test succeeded 
test succeeded 
test succeeded 
test succeeded 
test succeeded 
test succeeded 
test succeeded 
test succeeded 
test succeeded 
test succeeded 
test succeeded 
test succeeded 
test succeeded 
test succeeded 
test succeeded 
test succeeded 
test succeeded 
test succeeded 
test succeeded 
test succeeded 
test succeeded 
test succeeded 
test succeeded 
test succeeded 
test succeeded 
test succeeded 
test succeeded 
test succeeded 
test succeeded 
test succeeded 
test succeeded 
test succeeded 
test succeeded 
test succeeded 
test succeeded 
test succeeded 
test succeeded 
test succeeded 
test succeeded 
test succeeded 
test succeeded 
test succeeded 
test succeeded 
test succeeded 
test succeeded 
test succeeded 
test succeeded 
test succeeded 
test succeeded 
test succeeded 
test succeeded 
test succeeded 
test succeeded 
test succeeded 
test succeeded 
test succeeded 
test succeeded 
test succeeded 
test succeeded 
test succeeded 
test succeeded 
test succeeded 
test succeeded 
test succeeded 
test succeeded 
test succeeded 
test succeeded 
test succeeded 
test succeeded 
test succeeded 
test succeeded 
test succeeded 
test succeeded 
test succeeded 
test succeeded 
test succeeded 
test succeeded 
test succeeded 
test succeeded 
test succeeded 
test succeeded 
test succeeded 
test succeeded 
test succeeded 
test succeeded 
test succeeded 
test succeeded 
test succeeded 
test succeeded 
test succeeded 
test succeeded 
test succeeded 
test succeeded 
test succeeded 
test succeeded 
test succeeded 
test succeeded 
test succeeded 
test succeeded 
test succeeded 
test succeeded 
test succeeded 
test succeeded 
test succeeded 
test succeeded 
test succeeded 
test succeeded 
test succeeded 
test succeeded 
test succeeded 
test succeeded 
test succeeded 
test succeeded 
test succeeded 
test succeeded 
test succeeded 
test succeeded 
test succeeded 
test succeeded 
test succeeded 
test succeeded 
test succeeded 
test succeeded 
test succeeded 
test succeeded 
test succeeded 
test succeeded 
test succeeded 
test succeeded 
test succeeded 
test succeeded 
test succeeded 
test succeeded 
test succeeded 
test succeeded 
test succeeded 
test succeeded 
test succeeded 
test succeeded 
test succeeded 
test succeeded 
test succeeded 
test succeeded 
test succeeded 
test succeeded 
test succeeded 
test succeeded 
test succeeded 
test succeeded 
test succeeded 
test succeeded 
test succeeded 
test succeeded 
test succeeded 
test succeeded 
test succeeded 
test succeeded 
test succeeded 
test succeeded 
test succeeded 
test succeeded 
test succeeded 
test succeeded 
test succeeded 
test succeeded 
test succeeded 
test succeeded 
test succeeded 
test succeeded 
test succeeded 
test succeeded 
test succeeded 
test succeeded 
test succeeded 
test succeeded 
test succeeded 
test succeeded 
test succeeded 
test succeeded 
test succeeded 
test succeeded 
test succeeded 
test succeeded 
test succeeded 
test succeeded 
test succeeded 
test succeeded 
test succeeded 
test succeeded 
test succeeded 
test succeeded 
test succeeded 
test succeeded 
test succeeded 
test succeeded 
test succeeded 
test succeeded 
test succeeded 
test succeeded 
test succeeded 
test succeeded 
test succeeded 
test succeeded 
test succeeded 
test succeeded 
test succeeded 
test succeeded 
test succeeded 
test succeeded 
test succeeded 
test succeeded 
test succeeded 
test succeeded 
test succeeded 
test succeeded 
test succeeded 
test succeeded 
test succeeded 
test succeeded 
test succeeded 
test succeeded 
test succeeded 
test succeeded 
test succeeded 
test succeeded 
test succeeded 
test succeeded 
test succeeded 
test succeeded 
test succeeded 
test succeeded 
test succeeded 
test succeeded 
test succeeded 
test succeeded 
test succeeded 
test succeeded 
test succeeded 
test succeeded 
test succeeded 
test succeeded 
test succeeded 
test succeeded 
test succeeded 
test succeeded 
test succeeded 
test succeeded 
test succeeded 
test succeeded 
test succeeded 
test succeeded 
test succeeded 
test succeeded 
test succeeded 
test succeeded 
test succeeded 
test succeeded 
test succeeded 
test succeeded 
test succeeded 
test succeeded 
test succeeded 
test succeeded 
test succeeded 
test succeeded 
test succeeded 
test succeeded 
test succeeded 
test succeeded 
test succeeded 
test succeeded 
test succeeded 
test succeeded 
test succeeded 
test succeeded 
test succeeded 
test succeeded 
test succeeded 
test succeeded 
test succeeded 
test succeeded 
test succeeded 
test succeeded 
test succeeded 
test succeeded 
test succeeded 
test succeeded 
test succeeded 
test succeeded 
test succeeded 
test succeeded 
test succeeded 
test succeeded 
test succeeded 
test succeeded 
test succeeded 
test succeeded 
test succeeded 
test succeeded 
test succeeded 
test succeeded 
test succeeded 
test succeeded 
test succeeded 
test succeeded 
test succeeded 
test succeeded 
test succeeded 
test succeeded 
test succeeded 
test succeeded 
test succeeded 
test succeeded 
test succeeded 
test succeeded 
test succeeded 
test succeeded 
test succeeded 
test succeeded 
test succeeded 
test succeeded 
test succeeded 
test succeeded 
test succeeded 
test succeeded 
test succeeded 
test succeeded 
test succeeded 
test succeeded 
test succeeded 
test succeeded 
test succeeded 
test succeeded 
test succeeded 
test succeeded 
test succeeded 
test succeeded 
test succeeded 
test succeeded 
test succeeded 
test succeeded 
test succeeded 
test succeeded 
test succeeded 
test succeeded 
test succeeded 
test succeeded 
test succeeded 
test succeeded 
test succeeded 
test succeeded 
test succeeded 
test succeeded 
test succeeded 
test succeeded 
test succeeded 
test succeeded 
test succeeded 
test succeeded 
test succeeded 
test succeeded 
test succeeded 
test succeeded 
test succeeded 
test succeeded 
test succeeded 
test succeeded 
test succeeded 
test succeeded 
test succeeded 
test succeeded 
test succeeded 
test succeeded 
test succeeded 
test succeeded 
test succeeded 
test succeeded 
test succeeded 
test succeeded 
test succeeded 
test succeeded 
test succeeded 
test succeeded 
test succeeded 
test succeeded 
test succeeded 
test succeeded 
test succeeded 
test succeeded 
test succeeded 
test succeeded 
test succeeded 
test succeeded 
test succeeded 
test succeeded 
test succeeded 
test succeeded 
test succeeded 
test succeeded 
test succeeded 
test succeeded 
test succeeded 
test succeeded 
test succeeded 
test succeeded 
test succeeded 
test succeeded 
test succeeded 
test succeeded 
test succeeded 
test succeeded 
test succeeded 
test succeeded 
test succeeded 
test succeeded 
test succeeded 
test succeeded 
test succeeded 
test succeeded 
test succeeded 
test succeeded 
test succeeded 
test succeeded 
test succeeded 
test succeeded 
test succeeded 
test succeeded 
test succeeded 
test succeeded 
test succeeded 
test succeeded 
test succeeded 
test succeeded 
test succeeded 
test succeeded 
test succeeded 
test succeeded 
test succeeded 
test succeeded 
test succeeded 
test succeeded 
test succeeded 
test succeeded 
test succeeded 
test succeeded 
test succeeded 
test succeeded 
test succeeded 
test succeeded 
test succeeded 
test succeeded 
test succeeded 
test succeeded 
test succeeded 
test succeeded 
test succeeded 
test succeeded 
test succeeded 
test succeeded 
test succeeded 
test succeeded 
test succeeded 
test succeeded 
test succeeded 
test succeeded 
test succeeded 
test succeeded 
test succeeded 
test succeeded 
test succeeded 
test succeeded 
test succeeded 
test succeeded 
test succeeded 
test succeeded 
test succeeded 
test succeeded 
test succeeded 
test succeeded 
test succeeded 
test succeeded 
test succeeded 
test succeeded 
test succeeded 
test succeeded 
test succeeded 
test succeeded 
test succeeded 
test succeeded 
test succeeded 
test succeeded 
test succeeded 
test succeeded 
test succeeded 
test succeeded 
test succeeded 
test succeeded 
test succeeded 
test succeeded 
test succeeded 
test succeeded 
test succeeded 
test succeeded 
test succeeded 
test succeeded 
test succeeded 
test succeeded 
test succeeded 
test succeeded 
test succeeded 
test succeeded 
test succeeded 
test succeeded 
test succeeded 
test succeeded 
test succeeded 
test succeeded 
test succeeded 
test succeeded 
test succeeded 
test succeeded 
test succeeded 
test succeeded 
test succeeded 
test succeeded 
test succeeded 
test succeeded 
test succeeded 
test succeeded 
test succeeded 
test succeeded 
test succeeded 
test succeeded 
test succeeded 
test succeeded 
test succeeded 
test succeeded 
test succeeded 
test succeeded 
test succeeded 
test succeeded 
test succeeded 
test succeeded 
test succeeded 
test succeeded 
test succeeded 
test succeeded 
test succeeded 
test succeeded 
test succeeded 
test succeeded 
test succeeded 
test succeeded 
test succeeded 
test succeeded 
test succeeded 
test succeeded 
test succeeded 
test succeeded 
test succeeded 
test succeeded 
test succeeded 
test succeeded 
test succeeded 
test succeeded 
test succeeded 
test succeeded 
test succeeded 
test succeeded 
test succeeded 
test succeeded 
test succeeded 
test succeeded 
test succeeded 
test succeeded 
test succeeded 
test succeeded 
test succeeded 
test succeeded 
test succeeded 
test succeeded 
test succeeded 
test succeeded 
test succeeded 
test succeeded 
test succeeded 
test succeeded 
test succeeded 
test succeeded 
test succeeded 
test succeeded 
test succeeded 
test succeeded 
test succeeded 
test succeeded 
test succeeded 
test succeeded 
test succeeded 
test succeeded 
test succeeded 
test succeeded 
test succeeded 
test succeeded 
test succeeded 
test succeeded 
test succeeded 
test succeeded 
test succeeded 
test succeeded 
test succeeded 
test succeeded 
test succeeded 
test succeeded 
test succeeded 
test succeeded 
test succeeded 
test succeeded 
test succeeded 
test succeeded 
test succeeded 
test succeeded 
test succeeded 
test succeeded 
test succeeded 
test succeeded 
test succeeded 
test succeeded 
test succeeded 
test succeeded 
test succeeded 
test succeeded 
test succeeded 
test succeeded 
test succeeded 
test succeeded 
test succeeded 
test succeeded 
test succeeded 
test succeeded 
test succeeded 
test succeeded 
test succeeded 
test succeeded 
test succeeded 
test succeeded 
test succeeded 
test succeeded 
test succeeded 
test succeeded 
test succeeded 
test succeeded 
test succeeded 
test succeeded 
test succeeded 
test succeeded 
test succeeded 
test succeeded 
test succeeded 
test succeeded 
test succeeded 
test succeeded 
test succeeded 
test succeeded 
test succeeded 
test succeeded 
test succeeded 
test succeeded 
test succeeded 
test succeeded 
test succeeded 
test succeeded 
test succeeded 
test succeeded 
test succeeded 
test succeeded 
test succeeded 
test succeeded 
test succeeded 
test succeeded 
test succeeded 
test succeeded 
test succeeded 
test succeeded 
test succeeded 
test succeeded 
test succeeded 
test succeeded 
test succeeded 
test succeeded 
test succeeded 
test succeeded 
test succeeded 
test succeeded 
test succeeded 
test succeeded 
test succeeded 
test succeeded 
test succeeded 
test succeeded 
test succeeded 
test succeeded 
test succeeded 
test succeeded 
test succeeded 
test succeeded 
test succeeded 
test succeeded 
test succeeded 
test succeeded 
test succeeded 
test succeeded 
test succeeded 
test succeeded 
test succeeded 
test succeeded 
test succeeded 
test succeeded 
test succeeded 
test succeeded 
test succeeded 
test succeeded 
test succeeded 
test succeeded 
test succeeded 
test succeeded 
test succeeded 
test succeeded 
test succeeded 
test succeeded 
test succeeded 
test succeeded 
test succeeded 
test succeeded 
test succeeded 
test succeeded 
test succeeded 
test succeeded 
test succeeded 
test succeeded 
test succeeded 
test succeeded 
test succeeded 
test succeeded 
test succeeded 
test succeeded 
test succeeded 
test succeeded 
test succeeded 
test succeeded 
test succeeded 
test succeeded 
test succeeded 
test succeeded 
test succeeded 
test succeeded 
test succeeded 
test succeeded 
test succeeded 
test succeeded 
test succeeded 
test succeeded 
test succeeded 
test succeeded 
test succeeded 
test succeeded 
test succeeded 
test succeeded 
test succeeded 
test succeeded 
test succeeded 
test succeeded 
test succeeded 
test succeeded 
test succeeded 
test succeeded 
test succeeded 
test succeeded 
test succeeded 
test succeeded 
test succeeded 
test succeeded 
test succeeded 
test succeeded 
test succeeded 
test succeeded 
test succeeded 
test succeeded 
test succeeded 
test succeeded 
test succeeded 
test succeeded 
test succeeded 
test succeeded 
test succeeded 
test succeeded 
test succeeded 
test succeeded 
test succeeded 
test succeeded 
test succeeded 
test succeeded 
test succeeded 
test succeeded 
test succeeded 
test succeeded 
test succeeded 
test succeeded 
test succeeded 
test succeeded 
test succeeded 
test succeeded 
test succeeded 
test succeeded 
test succeeded 
test succeeded 
test succeeded 
test succeeded 
test succeeded 
test succeeded 
test succeeded 
test succeeded 
test succeeded 
test succeeded 
test succeeded 
test succeeded 
test succeeded 
test succeeded 
test succeeded 
test succeeded 
test succeeded 
test succeeded 
test succeeded 
test succeeded 
test succeeded 
test succeeded 
test succeeded 
test succeeded 
test succeeded 
test succeeded 
test succeeded 
test succeeded 
test succeeded 
test succeeded 
test succeeded 
test succeeded 
test succeeded 
test succeeded 
test succeeded 
test succeeded 
test succeeded 
test succeeded 
test succeeded 
test succeeded 
test succeeded 
test succeeded 
test succeeded 
test succeeded 
test succeeded 
test succeeded 
test succeeded 
test succeeded 
test succeeded 
test succeeded 
test succeeded 
test succeeded 
test succeeded 
test succeeded 
test succeeded 
test succeeded 
test succeeded 
test succeeded 
test succeeded 
test succeeded 
test succeeded 
test succeeded 
test succeeded 
test succeeded 
test succeeded 
test succeeded 
test succeeded 
test succeeded 
test succeeded 
test succeeded 
test succeeded 
test succeeded 
test succeeded 
test succeeded 
test succeeded 
test succeeded 
test succeeded 
test succeeded 
test succeeded 
test succeeded 
test succeeded 
test succeeded 
test succeeded 
test succeeded 
test succeeded 
test succeeded 
test succeeded 
test succeeded 
test succeeded 
test succeeded 
test succeeded 
test succeeded 
test succeeded 
test succeeded 
test succeeded 
test succeeded 
test succeeded 
test succeeded 
test succeeded 
test succeeded 
test succeeded 
test succeeded 
test succeeded 
test succeeded 
test succeeded 
test succeeded 
test succeeded 
test succeeded 
test succeeded 
test succeeded 
test succeeded 
test succeeded 
test succeeded 
test succeeded 
test succeeded 
test succeeded 
test succeeded 
test succeeded 
test succeeded 
test succeeded 
test succeeded 
test succeeded 
test succeeded 
test succeeded 
test succeeded 
test succeeded 
test succeeded 
test succeeded 
test succeeded 
test succeeded 
test succeeded 
test succeeded 
test succeeded 
test succeeded 
test succeeded 
test succeeded 
test succeeded 
test succeeded 
test succeeded 
test succeeded 
test succeeded 
test succeeded 
test succeeded 
test succeeded 
test succeeded 
test succeeded 
test succeeded 
test succeeded 
test succeeded 
test succeeded 
test succeeded 
test succeeded 
test succeeded 
test succeeded 
test succeeded 
test succeeded 
test succeeded 
test succeeded 
test succeeded 
test succeeded 
test succeeded 
test succeeded 
test succeeded 
test succeeded 
test succeeded 
test succeeded 
test succeeded 
test succeeded 
test succeeded 
test succeeded 
test succeeded 
test succeeded 
test succeeded 
test succeeded 
test succeeded 
test succeeded 
test succeeded 
test succeeded 
test succeeded 
test succeeded 
test succeeded 
test succeeded 
test succeeded 
test succeeded 
test succeeded 
test succeeded 
test succeeded 
test succeeded 
test succeeded 
test succeeded 
test succeeded 
test succeeded 
test succeeded 
test succeeded 
test succeeded 
test succeeded 
test succeeded 
test succeeded 
test succeeded 
test succeeded 
test succeeded 
test succeeded 
test succeeded 
test succeeded 
test succeeded 
test succeeded 
test succeeded 
test succeeded 
test succeeded 
test succeeded 
test succeeded 
test succeeded 
test succeeded 
test succeeded 
test succeeded 
test succeeded 
test succeeded 
test succeeded 
test succeeded 
test succeeded 
test succeeded 
test succeeded 
test succeeded 
test succeeded 
test succeeded 
test succeeded 
test succeeded 
test succeeded 
test succeeded 
test succeeded 
test succeeded 
test succeeded 
test succeeded 
test succeeded 
test succeeded 
test succeeded 
test succeeded 
test succeeded 
test succeeded 
test succeeded 
test succeeded 
test succeeded 
test succeeded 
test succeeded 
test succeeded 
test succeeded 
test succeeded 
test succeeded 
test succeeded 
test succeeded 
test succeeded 
test succeeded 
test succeeded 
test succeeded 
test succeeded 
test succeeded 
test succeeded 
test succeeded 
test succeeded 
test succeeded 
test succeeded 
test succeeded 
test succeeded 
test succeeded 
test succeeded 
test succeeded 
test succeeded 
test succeeded 
test succeeded 
test succeeded 
test succeeded 
test succeeded 
test succeeded 
test succeeded 
test succeeded 
test succeeded 
test succeeded 
test succeeded 
test succeeded 
test succeeded 
test succeeded 
test succeeded 
test succeeded 
test succeeded 
test succeeded 
test succeeded 
test succeeded 
test succeeded 
test succeeded 
test succeeded 
test succeeded 
test succeeded 
test succeeded 
test succeeded 
test succeeded 
test succeeded 
test succeeded 
test succeeded 
test succeeded 
test succeeded 
test succeeded 
test succeeded 
test succeeded 
test succeeded 
test succeeded 
test succeeded 
test succeeded 
test succeeded 
test succeeded 
test succeeded 
test succeeded 
test succeeded 
test succeeded 
test succeeded 
test succeeded 
test succeeded 
test succeeded 
test succeeded 
test succeeded 
test succeeded 
test succeeded 
test succeeded 
test succeeded 
test succeeded 
test succeeded 
test succeeded 
test succeeded 
test succeeded 
test succeeded 
test succeeded 
test succeeded 
test succeeded 
test succeeded 
test succeeded 
test succeeded 
test succeeded 
test succeeded 
test succeeded 
test succeeded 
test succeeded 
test succeeded 
test succeeded 
test succeeded 
test succeeded 
test succeeded 
test succeeded 
test succeeded 
test succeeded 
test succeeded 
test succeeded 
test succeeded 
test succeeded 
test succeeded 
test succeeded 
test succeeded 
test succeeded 
test succeeded 
test succeeded 
test succeeded 
test succeeded 
test succeeded 
test succeeded 
test succeeded 
test succeeded 
test succeeded 
test succeeded 
test succeeded 
test succeeded 
test succeeded 
test succeeded 
test succeeded 
test succeeded 
test succeeded 
test succeeded 
test succeeded 
test succeeded 
test succeeded 
test succeeded 
test succeeded 
test succeeded 
test succeeded 
test succeeded 
test succeeded 
test succeeded 
test succeeded 
test succeeded 
test succeeded 
test succeeded 
test succeeded 
test succeeded 
test succeeded 
test succeeded 
test succeeded 
test succeeded 
test succeeded 
test succeeded 
test succeeded 
test succeeded 
test succeeded 
test succeeded 
test succeeded 
test succeeded 
test succeeded 
test succeeded 
test succeeded 
test succeeded 
test succeeded 
test succeeded 
test succeeded 
test succeeded 
test succeeded 
test succeeded 
test succeeded 
test succeeded 
test succeeded 
test succeeded 
test succeeded 
test succeeded 
test succeeded 
test succeeded 
test succeeded 
test succeeded 
test succeeded 
test succeeded 
test succeeded 
test succeeded 
test succeeded 
test succeeded 
test succeeded 
test succeeded 
test succeeded 
test succeeded 
test succeeded 
test succeeded 
test succeeded 
test succeeded 
test succeeded 
test succeeded 
test succeeded 
test succeeded 
test succeeded 
test succeeded 
test succeeded 
test succeeded 
test succeeded 
test succeeded 
test succeeded 
test succeeded 
test succeeded 
test succeeded 
test succeeded 
test succeeded 
test succeeded 
test succeeded 
test succeeded 
test succeeded 
test succeeded 
test succeeded 
test succeeded 
test succeeded 
test succeeded 
test succeeded 
test succeeded 
test succeeded 
test succeeded 
test succeeded 
test succeeded 
test succeeded 
test succeeded 
test succeeded 
test succeeded 
test succeeded 
test succeeded 
test succeeded 
test succeeded 
test succeeded 
test succeeded 
test succeeded 
test succeeded 
test succeeded 
test succeeded 
test succeeded 
test succeeded 
test succeeded 
test succeeded 
test succeeded 
test succeeded 
test succeeded 
test succeeded 
test succeeded 
test succeeded 
test succeeded 
test succeeded 
test succeeded 
test succeeded 
test succeeded 
test succeeded 
test succeeded 
test succeeded 
test succeeded 
test succeeded 
test succeeded 
test succeeded 
test succeeded 
test succeeded 
test succeeded 
test succeeded 
test succeeded 
test succeeded 
test succeeded 
test succeeded 
test succeeded 
test succeeded 
test succeeded 
test succeeded 
test succeeded 
test succeeded 
test succeeded 
test succeeded 
test succeeded 
test succeeded 
test succeeded 
test succeeded 
test succeeded 
test succeeded 
test succeeded 
test succeeded 
test succeeded 
test succeeded 
test succeeded 
test succeeded 
test succeeded 
test succeeded 
test succeeded 
test succeeded 
test succeeded 
test succeeded 
test succeeded 
test succeeded 
test succeeded 
test succeeded 
test succeeded 
test succeeded 
test succeeded 
test succeeded 
test succeeded 
test succeeded 
test succeeded 
test succeeded 
test succeeded 
test succeeded 
test succeeded 
test succeeded 
test succeeded 
test succeeded 
test succeeded 
test succeeded 
test succeeded 
test succeeded 
test succeeded 
test succeeded 
test succeeded 
test succeeded 
test succeeded 
test succeeded 
test succeeded 
test succeeded 
test succeeded 
test succeeded 
test succeeded 
test succeeded 
test succeeded 
test succeeded 
test succeeded 
test succeeded 
test succeeded 
test succeeded 
test succeeded 
test succeeded 
test succeeded 
test succeeded 
test succeeded 
test succeeded 
test succeeded 
test succeeded 
test succeeded 
test succeeded 
test succeeded 
test succeeded 
test succeeded 
test succeeded 
test succeeded 
test succeeded 
test succeeded 
test succeeded 
test succeeded 
test succeeded 
test succeeded 
test succeeded 
test succeeded 
test succeeded 
test succeeded 
test succeeded 
test succeeded 
test succeeded 
test succeeded 
test succeeded 
test succeeded 
test succeeded 
test succeeded 
test succeeded 
test succeeded 
test succeeded 
test succeeded 
test succeeded 
test succeeded 
test succeeded 
test succeeded 
test succeeded 
test succeeded 
test succeeded 
test succeeded 
test succeeded 
test succeeded 
test succeeded 
test succeeded 
test succeeded 
test succeeded 
test succeeded 
test succeeded 
test succeeded 
test succeeded 
test succeeded 
test succeeded 
test succeeded 
test succeeded 
test succeeded 
test succeeded 
test succeeded 
test succeeded 
test succeeded 
test succeeded 
test succeeded 
test succeeded 
test succeeded 
test succeeded 
test succeeded 
test succeeded 
test succeeded 
test succeeded 
test succeeded 
test succeeded 
test succeeded 
test succeeded 
test succeeded 
test succeeded 
test succeeded 
test succeeded 
test succeeded 
test succeeded 
test succeeded 
test succeeded 
test succeeded 
test succeeded 
test succeeded 
test succeeded 
test succeeded 
test succeeded 
test succeeded 
test succeeded 
test succeeded 
test succeeded 
test succeeded 
test succeeded 
test succeeded 
test succeeded 
test succeeded 
test succeeded 
test succeeded 
test succeeded 
test succeeded 
test succeeded 
test succeeded 
test succeeded 
test succeeded 
test succeeded 
test succeeded 
test succeeded 
test succeeded 
test succeeded 
test succeeded 
test succeeded 
test succeeded 
test succeeded 
test succeeded 
test succeeded 
test succeeded 
test succeeded 
test succeeded 
test succeeded 
test succeeded 
test succeeded 
test succeeded 
test succeeded 
test succeeded 
test succeeded 
test succeeded 
test succeeded 
test succeeded 
test succeeded 
test succeeded 
test succeeded 
test succeeded 
test succeeded 
test succeeded 
test succeeded 
test succeeded 
test succeeded 
test succeeded 
test succeeded 
test succeeded 
test succeeded 
test succeeded 
test succeeded 
test succeeded 
test succeeded 
test succeeded 
test succeeded 
test succeeded 
test succeeded 
test succeeded 
test succeeded 
test succeeded 
test succeeded 
test succeeded 
test succeeded 
test succeeded 
test succeeded 
test succeeded 
test succeeded 
test succeeded 
test succeeded 
test succeeded 
test succeeded 
test succeeded 
test succeeded 
test succeeded 
test succeeded 
test succeeded 
test succeeded 
test succeeded 
test succeeded 
test succeeded 
test succeeded 
test succeeded 
test succeeded 
test succeeded 
test succeeded 
test succeeded 
test succeeded 
test succeeded 
test succeeded 
test succeeded 
test succeeded 
test succeeded 
test succeeded 
test succeeded 
test succeeded 
test succeeded 
test succeeded 
test succeeded 
test succeeded 
test succeeded 
test succeeded 
test succeeded 
test succeeded 
test succeeded 
test succeeded 
test succeeded 
test succeeded 
test succeeded 
test succeeded 
test succeeded 
test succeeded 
test succeeded 
test succeeded 
test succeeded 
test succeeded 
test succeeded 
test succeeded 
test succeeded 
test succeeded 
test succeeded 
test succeeded 
test succeeded 
test succeeded 
test succeeded 
test succeeded 
test succeeded 
test succeeded 
test succeeded 
test succeeded 
test succeeded 
test succeeded 
test succeeded 
test succeeded 
test succeeded 
test succeeded 
test succeeded 
test succeeded 
test succeeded 
test succeeded 
test succeeded 
test succeeded 
test succeeded 
test succeeded 
test succeeded 
test succeeded 
test succeeded 
test succeeded 
test succeeded 
test succeeded 
test succeeded 
test succeeded 
test succeeded 
test succeeded 
test succeeded 
test succeeded 
test succeeded 
test succeeded 
test succeeded 
test succeeded 
test succeeded 
test succeeded 
test succeeded 
test succeeded 
test succeeded 
test succeeded 
test succeeded 
test succeeded 
test succeeded 
test succeeded 
test succeeded 
test succeeded 
test succeeded 
test succeeded 
test succeeded 
test succeeded 
test succeeded 
test succeeded 
test succeeded 
test succeeded 
test succeeded 
test succeeded 
test succeeded 
test succeeded 
test succeeded 
test succeeded 
test succeeded 
test succeeded 
test succeeded 
test succeeded 
test succeeded 
test succeeded 
test succeeded 
test succeeded 
test succeeded 
test succeeded 
test succeeded 
test succeeded 
test succeeded 
test succeeded 
test succeeded 
test succeeded 
test succeeded 
test succeeded 
test succeeded 
test succeeded 
test succeeded 
test succeeded 
test succeeded 
test succeeded 
test succeeded 
test succeeded 
test succeeded 
test succeeded 
test succeeded 
test succeeded 
test succeeded 
test succeeded 
test succeeded 
test succeeded 
test succeeded 
test succeeded 
test succeeded 
test succeeded 
test succeeded 
test succeeded 
test succeeded 
test succeeded 
test succeeded 
test succeeded 
test succeeded 
test succeeded 
test succeeded 
test succeeded 
test succeeded 
test succeeded 
test succeeded 
test succeeded 
test succeeded 
test succeeded 
test succeeded 
test succeeded 
test succeeded 
test succeeded 
test succeeded 
test succeeded 
test succeeded 
test succeeded 
test succeeded 
test succeeded 
test succeeded 
test succeeded 
test succeeded 
test succeeded 
test succeeded 
test succeeded 
test succeeded 
test succeeded 
test succeeded 
test succeeded 
test succeeded 
test succeeded 
test succeeded 
test succeeded 
test succeeded 
test succeeded 
test succeeded 
test succeeded 
test succeeded 
test succeeded 
test succeeded 
test succeeded 
test succeeded 
test succeeded 
test succeeded 
test succeeded 
test succeeded 
test succeeded 
test succeeded 
test succeeded 
test succeeded 
test succeeded 
test succeeded 
test succeeded 
test succeeded 
test succeeded 
test succeeded 
test succeeded 
test succeeded 
test succeeded 
test succeeded 
test succeeded 
test succeeded 
test succeeded 
test succeeded 
test succeeded 
test succeeded 
test succeeded 
test succeeded 
test succeeded 
test succeeded 
test succeeded 
test succeeded 
test succeeded 
test succeeded 
test succeeded 
test succeeded 
test succeeded 
test succeeded 
test succeeded 
test succeeded 
test succeeded 
test succeeded 
test succeeded 
test succeeded 
test succeeded 
test succeeded 
test succeeded 
test succeeded 
test succeeded 
test succeeded 
test succeeded 
test succeeded 
test succeeded 
test succeeded 
test succeeded 
test succeeded 
test succeeded 
test succeeded 
test succeeded 
test succeeded 
test succeeded 
test succeeded 
test succeeded 
test succeeded 
test succeeded 
test succeeded 
test succeeded 
test succeeded 
test succeeded 
test succeeded 
test succeeded 
test succeeded 
test succeeded 
test succeeded 
test succeeded 
test succeeded 
test succeeded 
test succeeded 
test succeeded 
test succeeded 
test succeeded 
test succeeded 
test succeeded 
test succeeded 
test succeeded 
test succeeded 
test succeeded 
test succeeded 
test succeeded 
test succeeded 
test succeeded 
test succeeded 
test succeeded 
test succeeded 
test succeeded 
test succeeded 
test succeeded 
test succeeded 
test succeeded 
test succeeded 
test succeeded 
test succeeded 
test succeeded 
test succeeded 
test succeeded 
test succeeded 
test succeeded 
test succeeded 
test succeeded 
test succeeded 
test succeeded 
test succeeded 
test succeeded 
test succeeded 
test succeeded 
test succeeded 
test succeeded 
test succeeded 
test succeeded 
test succeeded 
test succeeded 
test succeeded 
test succeeded 
test succeeded 
test succeeded 
test succeeded 
test succeeded 
test succeeded 
test succeeded 
test succeeded 
test succeeded 
test succeeded 
test succeeded 
test succeeded 
test succeeded 
test succeeded 
test succeeded 
test succeeded 
test succeeded 
test succeeded 
test succeeded 
test succeeded 
test succeeded 
test succeeded 
test succeeded 
test succeeded 
test succeeded 
test succeeded 
test succeeded 
test succeeded 
test succeeded 
test succeeded 
test succeeded 
test succeeded 
test succeeded 
test succeeded 
test succeeded 
test succeeded 
test succeeded 
test succeeded 
test succeeded 
test succeeded 
test succeeded 
test succeeded 
test succeeded 
test succeeded 
test succeeded 
test succeeded 
test succeeded 
test succeeded 
test succeeded 
test succeeded 
test succeeded 
test succeeded 
test succeeded 
test succeeded 
test succeeded 
test succeeded 
test succeeded 
test succeeded 
test succeeded 
test succeeded 
test succeeded 
test succeeded 
test succeeded 
test succeeded 
test succeeded 
test succeeded 
test succeeded 
test succeeded 
test succeeded 
test succeeded 
test succeeded 
test succeeded 
test succeeded 
test succeeded 
test succeeded 
test succeeded 
test succeeded 
test succeeded 
test succeeded 
test succeeded 
test succeeded 
test succeeded 
test succeeded 
test succeeded 
test succeeded 
test succeeded 
test succeeded 
test succeeded 
test succeeded 
test succeeded 
test succeeded 
test succeeded 
test succeeded 
test succeeded 
test succeeded 
test succeeded 
test succeeded 
test succeeded 
test succeeded 
test succeeded 
test succeeded 
test succeeded 
test succeeded 
test succeeded 
test succeeded 
test succeeded 
test succeeded 
test succeeded 
test succeeded 
test succeeded 
test succeeded 
test succeeded 
test succeeded 
test succeeded 
test succeeded 
test succeeded 
test succeeded 
test succeeded 
test succeeded 
test succeeded 
test succeeded 
test succeeded 
test succeeded 
test succeeded 
test succeeded 
test succeeded 
test succeeded 
test succeeded 
test succeeded 
test succeeded 
test succeeded 
test succeeded 
test succeeded 
test succeeded 
test succeeded 
test succeeded 
test succeeded 
test succeeded 
test succeeded 
test succeeded 
test succeeded 
test succeeded 
test succeeded 
test succeeded 
test succeeded 
test succeeded 
test succeeded 
test succeeded 
test succeeded 
test succeeded 
test succeeded 
test succeeded 
test succeeded 
test succeeded 
test succeeded 
test succeeded 
test succeeded 
test succeeded 
test succeeded 
test succeeded 
test succeeded 
test succeeded 
test succeeded 
test succeeded 
test succeeded 
test succeeded 
test succeeded 
test succeeded 
test succeeded 
test succeeded 
test succeeded 
test succeeded 
test succeeded 
test succeeded 
test succeeded 
test succeeded 
test succeeded 
test succeeded 
test succeeded 
test succeeded 
test succeeded 
test succeeded 
test succeeded 
test succeeded 
test succeeded 
test succeeded 
test succeeded 
test succeeded 
test succeeded 
test succeeded 
test succeeded 
test succeeded 
test succeeded 
test succeeded 
test succeeded 
test succeeded 
test succeeded 
test succeeded 
test succeeded 
test succeeded 
test succeeded 
test succeeded 
test succeeded 
test succeeded 
test succeeded 
test succeeded 
test succeeded 
test succeeded 
test succeeded 
test succeeded 
test succeeded 
test succeeded 
test succeeded 
test succeeded 
test succeeded 
test succeeded 
test succeeded 
test succeeded 
test succeeded 
test succeeded 
test succeeded 
test succeeded 
test succeeded 
test succeeded 
test succeeded 
test succeeded 
test succeeded 
test succeeded 
test succeeded 
test succeeded 
test succeeded 
test succeeded 
test succeeded 
test succeeded 
test succeeded 
test succeeded 
test succeeded 
test succeeded 
test succeeded 
test succeeded 
test succeeded 
test succeeded 
test succeeded 
test succeeded 
test succeeded 
test succeeded 
test succeeded 
test succeeded 
test succeeded 
test succeeded 
test succeeded 
test succeeded 
test succeeded 
test succeeded 
test succeeded 
test succeeded 
test succeeded 
test succeeded 
test succeeded 
test succeeded 
test succeeded 
test succeeded 
test succeeded 
test succeeded 
test succeeded 
test succeeded 
test succeeded 
test succeeded 
test succeeded 
test succeeded 
test succeeded 
test succeeded 
test succeeded 
test succeeded 
test succeeded 
test succeeded 
test succeeded 
test succeeded 
test succeeded 
test succeeded 
test succeeded 
test succeeded 
test succeeded 
test succeeded 
test succeeded 
test succeeded 
test succeeded 
test succeeded 
test succeeded 
test succeeded 
test succeeded 
test succeeded 
test succeeded 
test succeeded 
test succeeded 
test succeeded 
test succeeded 
test succeeded 
test succeeded 
test succeeded 
test succeeded 
test succeeded 
test succeeded 
test succeeded 
test succeeded 
test succeeded 
test succeeded 
test succeeded 
test succeeded 
test succeeded 
test succeeded 
test succeeded 
test succeeded 
test succeeded 
test succeeded 
test succeeded 
test succeeded 
test succeeded 
test succeeded 
test succeeded 
test succeeded 
test succeeded 
test succeeded 
test succeeded 
test succeeded 
test succeeded 
test succeeded 
test succeeded 
test succeeded 
test succeeded 
test succeeded 
test succeeded 
test succeeded 
test succeeded 
test succeeded 
test succeeded 
test succeeded 
test succeeded 
test succeeded 
test succeeded 
test succeeded 
test succeeded 
test succeeded 
test succeeded 
test succeeded 
test succeeded 
test succeeded 
test succeeded 
test succeeded 
test succeeded 
test succeeded 
test succeeded 
test succeeded 
test succeeded 
test succeeded 
test succeeded 
test succeeded 
test succeeded 
test succeeded 
test succeeded 
test succeeded 
test succeeded 
test succeeded 
test succeeded 
test succeeded 
test succeeded 
test succeeded 
test succeeded 
test succeeded 
test succeeded 
test succeeded 
test succeeded 
test succeeded 
test succeeded 
test succeeded 
test succeeded 
test succeeded 
test succeeded 
test succeeded 
test succeeded 
test succeeded 
test succeeded 
test succeeded 
test succeeded 
test succeeded 
test succeeded 
test succeeded 
test succeeded 
test succeeded 
test succeeded 
test succeeded 
test succeeded 
test succeeded 
test succeeded 
test succeeded 
test succeeded 
test succeeded 
test succeeded 
test succeeded 
test succeeded 
test succeeded 
test succeeded 
test succeeded 
test succeeded 
test succeeded 
test succeeded 
test succeeded 
test succeeded 
test succeeded 
test succeeded 
test succeeded 
test succeeded 
test succeeded 
test succeeded 
test succeeded 
test succeeded 
test succeeded 
test succeeded 
test succeeded 
test succeeded 
test succeeded 
test succeeded 
test succeeded 
test succeeded 
test succeeded 
test succeeded 
test succeeded 
test succeeded 
test succeeded 
test succeeded 
test succeeded 
test succeeded 
test succeeded 
test succeeded 
test succeeded 
test succeeded 
test succeeded 
test succeeded 
test succeeded 
test succeeded 
test succeeded 
test succeeded 
test succeeded 
test succeeded 
test succeeded 
test succeeded 
test succeeded 
test succeeded 
test succeeded 
test succeeded 
test succeeded 
test succeeded 
test succeeded 
test succeeded 
test succeeded 
test succeeded 
test succeeded 
test succeeded 
test succeeded 
test succeeded 
test succeeded 
test succeeded 
test succeeded 
test succeeded 
test succeeded 
test succeeded 
test succeeded 
test succeeded 
test succeeded 
test succeeded 
test succeeded 
test succeeded 
test succeeded 
test succeeded 
test succeeded 
test succeeded 
test succeeded 
test succeeded 
test succeeded 
test succeeded 
test succeeded 
test succeeded 
test succeeded 
test succeeded 
test succeeded 
test succeeded 
test succeeded 
test succeeded 
test succeeded 
test succeeded 
test succeeded 
test succeeded 
test succeeded 
test succeeded 
test succeeded 
test succeeded 
test succeeded 
test succeeded 
test succeeded 
test succeeded 
test succeeded 
test succeeded 
test succeeded 
test succeeded 
test succeeded 
test succeeded 
test succeeded 
test succeeded 
test succeeded 
test succeeded 
test succeeded 
test succeeded 
test succeeded 
test succeeded 
test succeeded 
test succeeded 
test succeeded 
test succeeded 
test succeeded 
test succeeded 
test succeeded 
test succeeded 
test succeeded 
test succeeded 
test succeeded 
test succeeded 
test succeeded 
test succeeded 
test succeeded 
test succeeded 
test succeeded 
test succeeded 
test succeeded 
test succeeded 
test succeeded 
test succeeded 
test succeeded 
test succeeded 
test succeeded 
test succeeded 
test succeeded 
test succeeded 
test succeeded 
test succeeded 
test succeeded 
test succeeded 
test succeeded 
test succeeded 
test succeeded 
test succeeded 
test succeeded 
test succeeded 
test succeeded 
test succeeded 
test succeeded 
test succeeded 
test succeeded 
test succeeded 
test succeeded 
test succeeded 
test succeeded 
test succeeded 
test succeeded 
test succeeded 
test succeeded 
test succeeded 
test succeeded 
test succeeded 
test succeeded 
test succeeded 
test succeeded 
test succeeded 
test succeeded 
test succeeded 
test succeeded 
test succeeded 
test succeeded 
test succeeded 
test succeeded 
test succeeded 
test succeeded 
test succeeded 
test succeeded 
test succeeded 
test succeeded 
test succeeded 
test succeeded 
test succeeded 
test succeeded 
test succeeded 
test succeeded 
test succeeded 
test succeeded 
test succeeded 
test succeeded 
test succeeded 
test succeeded 
test succeeded 
test succeeded 
test succeeded 
test succeeded 
test succeeded 
test succeeded 
test succeeded 
test succeeded 
test succeeded 
test succeeded 
test succeeded 
test succeeded 
test succeeded 
test succeeded 
test succeeded 
test succeeded 
test succeeded 
test succeeded 
test succeeded 
test succeeded 
test succeeded 
test succeeded 
test succeeded 
test succeeded 
test succeeded 
test succeeded 
test succeeded 
test succeeded 
test succeeded 
test succeeded 
test succeeded 
test succeeded 
test succeeded 
test succeeded 
test succeeded 
test succeeded 
test succeeded 
test succeeded 
test succeeded 
test succeeded 
test succeeded 
test succeeded 
test succeeded 
test succeeded 
test succeeded 
test succeeded 
test succeeded 
test succeeded 
test succeeded 
test succeeded 
test succeeded 
test succeeded 
test succeeded 
test succeeded 
test succeeded 
test succeeded 
test succeeded 
test succeeded 
test succeeded 
test succeeded 
test succeeded 
test succeeded 
test succeeded 
test succeeded 
test succeeded 
test succeeded 
test succeeded 
test succeeded 
test succeeded 
test succeeded 
test succeeded 
test succeeded 
test succeeded 
test succeeded 
test succeeded 
test succeeded 
test succeeded 
test succeeded 
test succeeded 
test succeeded 
test succeeded 
test succeeded 
test succeeded 
test succeeded 
test succeeded 
test succeeded 
test succeeded 
test succeeded 
test succeeded 
test succeeded 
test succeeded 
test succeeded 
test succeeded 
test succeeded 
test succeeded 
test succeeded 
test succeeded 
test succeeded 
test succeeded 
test succeeded 
test succeeded 
test succeeded 
test succeeded 
test succeeded 
test succeeded 
test succeeded 
test succeeded 
test succeeded 
test succeeded 
test succeeded 
test succeeded 
test succeeded 
test succeeded 
test succeeded 
test succeeded 
test succeeded 
test succeeded 
test succeeded 
test succeeded 
test succeeded 
test succeeded 
test succeeded 
test succeeded 
test succeeded 
test succeeded 
test succeeded 
test succeeded 
test succeeded 
test succeeded 
test succeeded 
test succeeded 
test succeeded 
test succeeded 
test succeeded 
test succeeded 
test succeeded 
test succeeded 
test succeeded 
test succeeded 
test succeeded 
test succeeded 
test succeeded 
test succeeded 
test succeeded 
test succeeded 
test succeeded 
test succeeded 
test succeeded 
test succeeded 
test succeeded 
test succeeded 
test succeeded 
test succeeded 
test succeeded 
test succeeded 
test succeeded 
test succeeded 
test succeeded 
test succeeded 
test succeeded 
test succeeded 
test succeeded 
test succeeded 
test succeeded 
test succeeded 
test succeeded 
test succeeded 
test succeeded 
test succeeded 
test succeeded 
test succeeded 
test succeeded 
test succeeded 
test succeeded 
test succeeded 
test succeeded 
test succeeded 
test succeeded 
test succeeded 
test succeeded 
test succeeded 
test succeeded 
test succeeded 
test succeeded 
test succeeded 
test succeeded 
test succeeded 
test succeeded 
test succeeded 
test succeeded 
test succeeded 
test succeeded 
test succeeded 
test succeeded 
test succeeded 
test succeeded 
test succeeded 
test succeeded 
test succeeded 
test succeeded 
test succeeded 
test succeeded 
test succeeded 
test succeeded 
test succeeded 
test succeeded 
test succeeded 
test succeeded 
test succeeded 
test succeeded 
test succeeded 
test succeeded 
test succeeded 
test succeeded 
test succeeded 
test succeeded 
test succeeded 
test succeeded 
test succeeded 
test succeeded 
test succeeded 
test succeeded 
test succeeded 
test succeeded 
test succeeded 
test succeeded 
test succeeded 
test succeeded 
test succeeded 
test succeeded 
test succeeded 
test succeeded 
test succeeded 
test succeeded 
test succeeded 
test succeeded 
test succeeded 
test succeeded 
test succeeded 
test succeeded 
test succeeded 
test succeeded 
test succeeded 
test succeeded 
test succeeded 
test succeeded 
test succeeded 
test succeeded 
test succeeded 
test succeeded 
test succeeded 
test succeeded 
test succeeded 
test succeeded 
test succeeded 
test succeeded 
test succeeded 
test succeeded 
test succeeded 
test succeeded 
test succeeded 
test succeeded 
test succeeded 
test succeeded 
test succeeded 
test succeeded 
test succeeded 
test succeeded 
test succeeded 
test succeeded 
test succeeded 
test succeeded 
test succeeded 
test succeeded 
test succeeded 
test succeeded 
test succeeded 
test succeeded 
test succeeded 
test succeeded 
test succeeded 
test succeeded 
test succeeded 
test succeeded 
test succeeded 
test succeeded 
test succeeded 
test succeeded 
test succeeded 
test succeeded 
test succeeded 
test succeeded 
test succeeded 
test succeeded 
test succeeded 
test succeeded 
test succeeded 
test succeeded 
test succeeded 
test succeeded 
test succeeded 
test succeeded 
test succeeded 
test succeeded 
test succeeded 
test succeeded 
test succeeded 
test succeeded 
test succeeded 
test succeeded 
test succeeded 
test succeeded 
test succeeded 
test succeeded 
test succeeded 
test succeeded 
test succeeded 
test succeeded 
test succeeded 
test succeeded 
test succeeded 
test succeeded 
test succeeded 
test succeeded 
test succeeded 
test succeeded 
test succeeded 
test succeeded 
test succeeded 
test succeeded 
test succeeded 
test succeeded 
test succeeded 
test succeeded 
test succeeded 
test succeeded 
test succeeded 
test succeeded 
test succeeded 
test succeeded 
test succeeded 
test succeeded 
test succeeded 
test succeeded 
test succeeded 
test succeeded 
test succeeded 
test succeeded 
test succeeded 
test succeeded 
test succeeded 
test succeeded 
test succeeded 
test succeeded 
test succeeded 
test succeeded 
test succeeded 
test succeeded 
test succeeded 
test succeeded 
test succeeded 
test succeeded 
test succeeded 
test succeeded 
test succeeded 
test succeeded 
test succeeded 
test succeeded 
test succeeded 
test succeeded 
test succeeded 
test succeeded 
test succeeded 
test succeeded 
test succeeded 
test succeeded 
test succeeded 
test succeeded 
test succeeded 
test succeeded 
test succeeded 
test succeeded 
test succeeded 
test succeeded 
test succeeded 
test succeeded 
test succeeded 
test succeeded 
test succeeded 
test succeeded 
test succeeded 
test succeeded 
test succeeded 
test succeeded 
test succeeded 
test succeeded 
test succeeded 
test succeeded 
test succeeded 
test succeeded 
test succeeded 
test succeeded 
test succeeded 
test succeeded 
test succeeded 
test succeeded 
test succeeded 
test succeeded 
test succeeded 
test succeeded 
test succeeded 
test succeeded 
test succeeded 
test succeeded 
test succeeded 
test succeeded 
test succeeded 
test succeeded 
test succeeded 
test succeeded 
test succeeded 
test succeeded 
test succeeded 
test succeeded 
test succeeded 
test succeeded 
test succeeded 
test succeeded 
test succeeded 
test succeeded 
test succeeded 
test succeeded 
test succeeded 
test succeeded 
test succeeded 
test succeeded 
test succeeded 
test succeeded 
test succeeded 
test succeeded 
test succeeded 
test succeeded 
test succeeded 
test succeeded 
test succeeded 
test succeeded 
test succeeded 
test succeeded 
test succeeded 
test succeeded 
test succeeded 
test succeeded 
test succeeded 
test succeeded 
test succeeded 
test succeeded 
test succeeded 
test succeeded 
test succeeded 
test succeeded 
test succeeded 
test succeeded 
test succeeded 
test succeeded 
test succeeded 
test succeeded 
test succeeded 
test succeeded 
test succeeded 
test succeeded 
test succeeded 
test succeeded 
test succeeded 
test succeeded 
test succeeded 
test succeeded 
test succeeded 
test succeeded 
test succeeded 
test succeeded 
test succeeded 
test succeeded 
test succeeded 
test succeeded 
test succeeded 
test succeeded 
test succeeded 
test succeeded 
test succeeded 
test succeeded 
test succeeded 
test succeeded 
test succeeded 
test succeeded 
test succeeded 
test succeeded 
test succeeded 
test succeeded 
test succeeded 
test succeeded 
test succeeded 
test succeeded 
test succeeded 
test succeeded 
test succeeded 
test succeeded 
test succeeded 
test succeeded 
test succeeded 
test succeeded 
test succeeded 
test succeeded 
test succeeded 
test succeeded 
test succeeded 
test succeeded 
test succeeded 
test succeeded 
test succeeded 
test succeeded 
test succeeded 
test succeeded 
test succeeded 
test succeeded 
test succeeded 
test succeeded 
test succeeded 
test succeeded 
test succeeded 
test succeeded 
test succeeded 
test succeeded 
test succeeded 
test succeeded 
test succeeded 
test succeeded 
test succeeded 
test succeeded 
test succeeded 
test succeeded 
test succeeded 
test succeeded 
test succeeded 
test succeeded 
test succeeded 
test succeeded 
test succeeded 
test succeeded 
test succeeded 
test succeeded 
test succeeded 
test succeeded 
test succeeded 
test succeeded 
test succeeded 
test succeeded 
test succeeded 
test succeeded 
test succeeded 
test succeeded 
test succeeded 
test succeeded 
test succeeded 
test succeeded 
test succeeded 
test succeeded 
test succeeded 
test succeeded 
test succeeded 
test succeeded 
test succeeded 
test succeeded 
test succeeded 
test succeeded 
test succeeded 
test succeeded 
test succeeded 
test succeeded 
test succeeded 
test succeeded 
test succeeded 
test succeeded 
test succeeded 
test succeeded 
test succeeded 
test succeeded 
test succeeded 
test succeeded 
test succeeded 
test succeeded 
test succeeded 
test succeeded 
test succeeded 
test succeeded 
test succeeded 
test succeeded 
test succeeded 
test succeeded 
test succeeded 
test succeeded 
test succeeded 
test succeeded 
test succeeded 
test succeeded 
test succeeded 
test succeeded 
test succeeded 
test succeeded 
test succeeded 
test succeeded 
test succeeded 
test succeeded 
test succeeded 
test succeeded 
test succeeded 
test succeeded 
test succeeded 
test succeeded 
test succeeded 
test succeeded 
test succeeded 
test succeeded 
test succeeded 
test succeeded 
test succeeded 
test succeeded 
test succeeded 
test succeeded 
test succeeded 
test succeeded 
test succeeded 
test succeeded 
test succeeded 
test succeeded 
test succeeded 
test succeeded 
test succeeded 
test succeeded 
test succeeded 
test succeeded 
test succeeded 
test succeeded 
test succeeded 
test succeeded 
test succeeded 
test succeeded 
test succeeded 
test succeeded 
test succeeded 
test succeeded 
test succeeded 
test succeeded 
test succeeded 
test succeeded 
test succeeded 
test succeeded 
test succeeded 
test succeeded 
test succeeded 
test succeeded 
test succeeded 
test succeeded 
test succeeded 
test succeeded 
test succeeded 
test succeeded 
test succeeded 
test succeeded 
test succeeded 
test succeeded 
test succeeded 
test succeeded 
test succeeded 
test succeeded 
test succeeded 
test succeeded 
test succeeded 
test succeeded 
test succeeded 
test succeeded 
test succeeded 
test succeeded 
test succeeded 
test succeeded 
test succeeded 
test succeeded 
test succeeded 
test succeeded 
test succeeded 
test succeeded 
test succeeded 
test succeeded 
test succeeded 
test succeeded 
test succeeded 
test succeeded 
test succeeded 
test succeeded 
test succeeded 
test succeeded 
test succeeded 
test succeeded 
test succeeded 
test succeeded 
test succeeded 
test succeeded 
test succeeded 
test succeeded 
test succeeded 
test succeeded 
test succeeded 
test succeeded 
test succeeded 
test succeeded 
test succeeded 
test succeeded 
test succeeded 
test succeeded 
test succeeded 
test succeeded 
test succeeded 
test succeeded 
test succeeded 
test succeeded 
test succeeded 
test succeeded 
test succeeded 
test succeeded 
test succeeded 
test succeeded 
test succeeded 
test succeeded 
test succeeded 
test succeeded 
test succeeded 
test succeeded 
test succeeded 
test succeeded 
test succeeded 
test succeeded 
test succeeded 
test succeeded 
test succeeded 
test succeeded 
test succeeded 
test succeeded 
test succeeded 
test succeeded 
test succeeded 
test succeeded 
test succeeded 
test succeeded 
test succeeded 
test succeeded 
test succeeded 
test succeeded 
test succeeded 
test succeeded 
test succeeded 
test succeeded 
test succeeded 
test succeeded 
test succeeded 
test succeeded 
test succeeded 
test succeeded 
test succeeded 
test succeeded 
test succeeded 
test succeeded 
test succeeded 
test succeeded 
test succeeded 
test succeeded 
test succeeded 
test succeeded 
test succeeded 
test succeeded 
test succeeded 
test succeeded 
test succeeded 
test succeeded 
test succeeded 
test succeeded 
test succeeded 
test succeeded 
test succeeded 
test succeeded 
test succeeded 
test succeeded 
test succeeded 
test succeeded 
test succeeded 
test succeeded 
test succeeded 
test succeeded 
test succeeded 
test succeeded 
test succeeded 
test succeeded 
test succeeded 
test succeeded 
test succeeded 
test succeeded 
test succeeded 
test succeeded 
test succeeded 
test succeeded 
test succeeded 
test succeeded 
test succeeded 
test succeeded 
test succeeded 
test succeeded 
test succeeded 
test succeeded 
test succeeded 
test succeeded 
test succeeded 
test succeeded 
test succeeded 
test succeeded 
test succeeded 
test succeeded 
test succeeded 
test succeeded 
test succeeded 
test succeeded 
test succeeded 
test succeeded 
test succeeded 
test succeeded 
test succeeded 
test succeeded 
test succeeded 
test succeeded 
test succeeded 
test succeeded 
test succeeded 
test succeeded 
test succeeded 
test succeeded 
test succeeded 
test succeeded 
test succeeded 
test succeeded 
test succeeded 
test succeeded 
test succeeded 
test succeeded 
test succeeded 
test succeeded 
test succeeded 
test succeeded 
test succeeded 
test succeeded 
test succeeded 
test succeeded 
test succeeded 
test succeeded 
test succeeded 
test succeeded 
test succeeded 
test succeeded 
test succeeded 
test succeeded 
test succeeded 
test succeeded 
test succeeded 
test succeeded 
test succeeded 
test succeeded 
test succeeded 
test succeeded 
test succeeded 
test succeeded 
test succeeded 
test succeeded 
test succeeded 
test succeeded 
test succeeded 
test succeeded 
test succeeded 
test succeeded 
test succeeded 
test succeeded 
test succeeded 
test succeeded 
test succeeded 
test succeeded 
test succeeded 
test succeeded 
test succeeded 
test succeeded 
test succeeded 
test succeeded 
test succeeded 
test succeeded 
test succeeded 
test succeeded 
test succeeded 
test succeeded 
test succeeded 
test succeeded 
test succeeded 
test succeeded 
test succeeded 
test succeeded 
test succeeded 
test succeeded 
test succeeded 
test succeeded 
test succeeded 
test succeeded 
test succeeded 
test succeeded 
test succeeded 
test succeeded 
test succeeded 
test succeeded 
test succeeded 
test succeeded 
test succeeded 
test succeeded 
test succeeded 
test succeeded 
test succeeded 
test succeeded 
test succeeded 
test succeeded 
test succeeded 
test succeeded 
test succeeded 
test succeeded 
test succeeded 
test succeeded 
test succeeded 
test succeeded 
test succeeded 
test succeeded 
test succeeded 
test succeeded 
test succeeded 
test succeeded 
test succeeded 
test succeeded 
test succeeded 
test succeeded 
test succeeded 
test succeeded 
test succeeded 
test succeeded 
test succeeded 
test succeeded 
test succeeded 
test succeeded 
test succeeded 
test succeeded 
test succeeded 
test succeeded 
test succeeded 
test succeeded 
test succeeded 
test succeeded 
test succeeded 
test succeeded 
test succeeded 
test succeeded 
test succeeded 
test succeeded 
test succeeded 
test succeeded 
test succeeded 
test succeeded 
test succeeded 
test succeeded 
test succeeded 
test succeeded 
test succeeded 
test succeeded 
test succeeded 
test succeeded 
test succeeded 
test succeeded 
test succeeded 
test succeeded 
test succeeded 
test succeeded 
test succeeded 
test succeeded 
test succeeded 
test succeeded 
test succeeded 
test succeeded 
test succeeded 
test succeeded 
test succeeded 
test succeeded 
test succeeded 
test succeeded 
test succeeded 
test succeeded 
test succeeded 
test succeeded 
test succeeded 
test succeeded 
test succeeded 
test succeeded 
test succeeded 
test succeeded 
test succeeded 
test succeeded 
test succeeded 
test succeeded 
test succeeded 
test succeeded 
test succeeded 
test succeeded 
test succeeded 
test succeeded 
test succeeded 
test succeeded 
test succeeded 
test succeeded 
test succeeded 
test succeeded 
test succeeded 
test succeeded 
test succeeded 
test succeeded 
test succeeded 
test succeeded 
test succeeded 
test succeeded 
test succeeded 
test succeeded 
test succeeded 
test succeeded 
test succeeded 
test succeeded 
test succeeded 
test succeeded 
test succeeded 
test succeeded 
test succeeded 
test succeeded 
test succeeded 
test succeeded 
test succeeded 
test succeeded 
test succeeded 
test succeeded 
test succeeded 
test succeeded 
test succeeded 
test succeeded 
test succeeded 
test succeeded 
test succeeded 
test succeeded 
test succeeded 
test succeeded 
test succeeded 
test succeeded 
test succeeded 
test succeeded 
test succeeded 
test succeeded 
test succeeded 
test succeeded 
test succeeded 
test succeeded 
test succeeded 
test succeeded 
test succeeded 
test succeeded 
test succeeded 
test succeeded 
test succeeded 
test succeeded 
test succeeded 
test succeeded 
test succeeded 
test succeeded 
test succeeded 
test succeeded 
test succeeded 
test succeeded 
test succeeded 
test succeeded 
test succeeded 
test succeeded 
test succeeded 
test succeeded 
test succeeded 
test succeeded 
test succeeded 
test succeeded 
test succeeded 
test succeeded 
test succeeded 
test succeeded 
test succeeded 
test succeeded 
test succeeded 
test succeeded 
test succeeded 
test succeeded 
test succeeded 
test succeeded 
test succeeded 
test succeeded 
test succeeded 
test succeeded 
test succeeded 
test succeeded 
test succeeded 
test succeeded 
test succeeded 
test succeeded 
test succeeded 
test succeeded 
test succeeded 
test succeeded 
test succeeded 
test succeeded 
test succeeded 
test succeeded 
test succeeded 
test succeeded 
test succeeded 
test succeeded 
test succeeded 
test succeeded 
test succeeded 
test succeeded 
test succeeded 
test succeeded 
test succeeded 
test succeeded 
test succeeded 
test succeeded 
test succeeded 
test succeeded 
test succeeded 
test succeeded 
test succeeded 
test succeeded 
test succeeded 
test succeeded 
test succeeded 
test succeeded 
test succeeded 
test succeeded 
test succeeded 
test succeeded 
test succeeded 
test succeeded 
test succeeded 
test succeeded 
test succeeded 
test succeeded 
test succeeded 
test succeeded 
test succeeded 
test succeeded 
test succeeded 
test succeeded 
test succeeded 
test succeeded 
test succeeded 
test succeeded 
test succeeded 
test succeeded 
test succeeded 
test succeeded 
test succeeded 
test succeeded 
test succeeded 
test succeeded 
test succeeded 
test succeeded 
test succeeded 
test succeeded 
test succeeded 
test succeeded 
test succeeded 
test succeeded 
test succeeded 
test succeeded 
test succeeded 
test succeeded 
test succeeded 
test succeeded 
test succeeded 
test succeeded 
test succeeded 
test succeeded 
test succeeded 
test succeeded 
test succeeded 
test succeeded 
test succeeded 
test succeeded 
test succeeded 
test succeeded 
test succeeded 
test succeeded 
test succeeded 
test succeeded 
test succeeded 
test succeeded 
test succeeded 
test succeeded 
test succeeded 
test succeeded 
test succeeded 
test succeeded 
test succeeded 
test succeeded 
test succeeded 
test succeeded 
test succeeded 
test succeeded 
test succeeded 
test succeeded 
test succeeded 
test succeeded 
test succeeded 
test succeeded 
test succeeded 
test succeeded 
test succeeded 
test succeeded 
test succeeded 
test succeeded 
test succeeded 
test succeeded 
test succeeded 
test succeeded 
test succeeded 
test succeeded 
test succeeded 
test succeeded 
test succeeded 
test succeeded 
test succeeded 
test succeeded 
test succeeded 
test succeeded 
test succeeded 
test succeeded 
test succeeded 
test succeeded 
test succeeded 
test succeeded 
test succeeded 
test succeeded 
test succeeded 
test succeeded 
test succeeded 
test succeeded 
test succeeded 
test succeeded 
test succeeded 
test succeeded 
test succeeded 
test succeeded 
test succeeded 
test succeeded 
test succeeded 
test succeeded 
test succeeded 
test succeeded 
test succeeded 
test succeeded 
test succeeded 
test succeeded 
test succeeded 
test succeeded 
test succeeded 
test succeeded 
test succeeded 
test succeeded 
test succeeded 
test succeeded 
test succeeded 
test succeeded 
test succeeded 
test succeeded 
test succeeded 
test succeeded 
test succeeded 
test succeeded 
test succeeded 
test succeeded 
test succeeded 
test succeeded 
test succeeded 
test succeeded 
test succeeded 
test succeeded 
test succeeded 
test succeeded 
test succeeded 
test succeeded 
test succeeded 
test succeeded 
test succeeded 
test succeeded 
test succeeded 
test succeeded 
test succeeded 
test succeeded 
test succeeded 
test succeeded 
test succeeded 
test succeeded 
test succeeded 
test succeeded 
test succeeded 
test succeeded 
test succeeded 
test succeeded 
test succeeded 
test succeeded 
test succeeded 
test succeeded 
test succeeded 
test succeeded 
test succeeded 
test succeeded 
test succeeded 
test succeeded 
test succeeded 
test succeeded 
test succeeded 
test succeeded 
test succeeded 
test succeeded 
test succeeded 
test succeeded 
test succeeded 
test succeeded 
test succeeded 
test succeeded 
test succeeded 
test succeeded 
test succeeded 
test succeeded 
test succeeded 
test succeeded 
test succeeded 
test succeeded 
test succeeded 
test succeeded 
test succeeded 
test succeeded 
test succeeded 
test succeeded 
test succeeded 
test succeeded 
test succeeded 
test succeeded 
test succeeded 
test succeeded 
test succeeded 
test succeeded 
test succeeded 
test succeeded 
test succeeded 
test succeeded 
test succeeded 
test succeeded 
test succeeded 
test succeeded 
test succeeded 
test succeeded 
test succeeded 
test succeeded 
test succeeded 
test succeeded 
test succeeded 
test succeeded 
test succeeded 
test succeeded 
test succeeded 
test succeeded 
test succeeded 
test succeeded 
test succeeded 
test succeeded 
test succeeded 
test succeeded 
test succeeded 
test succeeded 
test succeeded 
test succeeded 
test succeeded 
test succeeded 
test succeeded 
test succeeded 
test succeeded 
test succeeded 
test succeeded 
test succeeded 
test succeeded 
test succeeded 
test succeeded 
test succeeded 
test succeeded 
test succeeded 
test succeeded 
test succeeded 
test succeeded 
test succeeded 
test succeeded 
test succeeded 
test succeeded 
test succeeded 
test succeeded 
test succeeded 
test succeeded 
test succeeded 
test succeeded 
test succeeded 
test succeeded 
test succeeded 
test succeeded 
test succeeded 
test succeeded 
test succeeded 
test succeeded 
test succeeded 
test succeeded 
test succeeded 
test succeeded 
test succeeded 
test succeeded 
test succeeded 
test succeeded 
test succeeded 
test succeeded 
test succeeded 
test succeeded 
test succeeded 
test succeeded 
test succeeded 
test succeeded 
test succeeded 
test succeeded 
test succeeded 
test succeeded 
test succeeded 
test succeeded 
test succeeded 
test succeeded 
test succeeded 
test succeeded 
test succeeded 
test succeeded 
test succeeded 
test succeeded 
test succeeded 
test succeeded 
test succeeded 
test succeeded 
test succeeded 
test succeeded 
test succeeded 
test succeeded 
test succeeded 
test succeeded 
test succeeded 
test succeeded 
test succeeded 
test succeeded 
test succeeded 
test succeeded 
test succeeded 
test succeeded 
test succeeded 
test succeeded 
test succeeded 
test succeeded 
test succeeded 
test succeeded 
test succeeded 
test succeeded 
test succeeded 
test succeeded 
test succeeded 
test succeeded 
test succeeded 
test succeeded 
test succeeded 
test succeeded 
test succeeded 
test succeeded 
test succeeded 
test succeeded 
test succeeded 
test succeeded 
test succeeded 
test succeeded 
test succeeded 
test succeeded 
test succeeded 
test succeeded 
test succeeded 
test succeeded 
test succeeded 
test succeeded 
test succeeded 
test succeeded 
test succeeded 
test succeeded 
test succeeded 
test succeeded 
test succeeded 
test succeeded 
test succeeded 
test succeeded 
test succeeded 
test succeeded 
test succeeded 
test succeeded 
test succeeded 
test succeeded 
test succeeded 
test succeeded 
test succeeded 
test succeeded 
test succeeded 
test succeeded 
test succeeded 
test succeeded 
test succeeded 
test succeeded 
test succeeded 
test succeeded 
test succeeded 
test succeeded 
test succeeded 
test succeeded 
test succeeded 
test succeeded 
test succeeded 
test succeeded 
test succeeded 
test succeeded 
test succeeded 
test succeeded 
test succeeded 
test succeeded 
test succeeded 
test succeeded 
test succeeded 
test succeeded 
test succeeded 
test succeeded 
test succeeded 
test succeeded 
test succeeded 
test succeeded 
test succeeded 
test succeeded 
test succeeded 
test succeeded 
test succeeded 
test succeeded 
test succeeded 
test succeeded 
test succeeded 
test succeeded 
test succeeded 
test succeeded 
test succeeded 
test succeeded 
test succeeded 
test succeeded 
test succeeded 
test succeeded 
test succeeded 
test succeeded 
test succeeded 
test succeeded 
test succeeded 
test succeeded 
test succeeded 
test succeeded 
test succeeded 
test succeeded 
test succeeded 
test succeeded 
test succeeded 
test succeeded 
test succeeded 
test succeeded 
test succeeded 
test succeeded 
test succeeded 
test succeeded 
test succeeded 
test succeeded 
test succeeded 
test succeeded 
test succeeded 
test succeeded 
test succeeded 
test succeeded 
test succeeded 
test succeeded 
test succeeded 
test succeeded 
test succeeded 
test succeeded 
test succeeded 
test succeeded 
test succeeded 
test succeeded 
test succeeded 
test succeeded 
test succeeded 
test succeeded 
test succeeded 
test succeeded 
test succeeded 
test succeeded 
test succeeded 
test succeeded 
test succeeded 
test succeeded 
test succeeded 
test succeeded 
test succeeded 
test succeeded 
test succeeded 
test succeeded 
test succeeded 
test succeeded 
test succeeded 
test succeeded 
test succeeded 
test succeeded 
test succeeded 
test succeeded 
test succeeded 
test succeeded 
test succeeded 
test succeeded 
test succeeded 
test succeeded 
test succeeded 
test succeeded 
test succeeded 
test succeeded 
test succeeded 
test succeeded 
test succeeded 
test succeeded 
test succeeded 
test succeeded 
test succeeded 
test succeeded 
test succeeded 
test succeeded 
test succeeded 
test succeeded 
test succeeded 
test succeeded 
test succeeded 
test succeeded 
test succeeded 
test succeeded 
test succeeded 
test succeeded 
test succeeded 
test succeeded 
test succeeded 
test succeeded 
test succeeded 
test succeeded 
test succeeded 
test succeeded 
test succeeded 
test succeeded 
test succeeded 
test succeeded 
test succeeded 
test succeeded 
test succeeded 
test succeeded 
test succeeded 
test succeeded 
test succeeded 
test succeeded 
test succeeded 
test succeeded 
test succeeded 
test succeeded 
test succeeded 
test succeeded 
test succeeded 
test succeeded 
test succeeded 
test succeeded 
test succeeded 
test succeeded 
test succeeded 
test succeeded 
test succeeded 
test succeeded 
test succeeded 
test succeeded 
test succeeded 
test succeeded 
test succeeded 
test succeeded 
test succeeded 
test succeeded 
test succeeded 
test succeeded 
test succeeded 
test succeeded 
test succeeded 
test succeeded 
test succeeded 
test succeeded 
test succeeded 
test succeeded 
test succeeded 
test succeeded 
test succeeded 
test succeeded 
test succeeded 
test succeeded 
test succeeded 
test succeeded 
test succeeded 
test succeeded 
test succeeded 
test succeeded 
test succeeded 
test succeeded 
test succeeded 
test succeeded 
test succeeded 
test succeeded 
test succeeded 
test succeeded 
test succeeded 
test succeeded 
test succeeded 
test succeeded 
test succeeded 
test succeeded 
test succeeded 
test succeeded 
test succeeded 
test succeeded 
test succeeded 
test succeeded 
test succeeded 
test succeeded 
test succeeded 
test succeeded 
test succeeded 
test succeeded 
test succeeded 
test succeeded 
test succeeded 
test succeeded 
test succeeded 
test succeeded 
test succeeded 
test succeeded 
test succeeded 
test succeeded 
test succeeded 
test succeeded 
test succeeded 
test succeeded 
test succeeded 
test succeeded 
test succeeded 
test succeeded 
test succeeded 
test succeeded 
test succeeded 
test succeeded 
test succeeded 
test succeeded 
test succeeded 
test succeeded 
test succeeded 
test succeeded 
test succeeded 
test succeeded 
test succeeded 
test succeeded 
test succeeded 
test succeeded 
test succeeded 
test succeeded 
test succeeded 
test succeeded 
test succeeded 
test succeeded 
test succeeded 
test succeeded 
test succeeded 
test succeeded 
test succeeded 
test succeeded 
test succeeded 
test succeeded 
test succeeded 
test succeeded 
test succeeded 
test succeeded 
test succeeded 
test succeeded 
test succeeded 
test succeeded 
test succeeded 
test succeeded 
test succeeded 
test succeeded 
test succeeded 
test succeeded 
test succeeded 
test succeeded 
test succeeded 
test succeeded 
test succeeded 
test succeeded 
test succeeded 
test succeeded 
test succeeded 
test succeeded 
test succeeded 
test succeeded 
test succeeded 
test succeeded 
test succeeded 
test succeeded 
test succeeded 
test succeeded 
test succeeded 
test succeeded 
test succeeded 
test succeeded 
test succeeded 
test succeeded 
test succeeded 
test succeeded 
test succeeded 
test succeeded 
test succeeded 
test succeeded 
test succeeded 
test succeeded 
test succeeded 
test succeeded 
test succeeded 
test succeeded 
test succeeded 
test succeeded 
test succeeded 
test succeeded 
test succeeded 
test succeeded 
test succeeded 
test succeeded 
test succeeded 
test succeeded 
test succeeded 
test succeeded 
test succeeded 
test succeeded 
test succeeded 
test succeeded 
test succeeded 
test succeeded 
test succeeded 
test succeeded 
test succeeded 
test succeeded 
test succeeded 
test succeeded 
test succeeded 
test succeeded 
test succeeded 
test succeeded 
test succeeded 
test succeeded 
test succeeded 
test succeeded 
test succeeded 
test succeeded 
test succeeded 
test succeeded 
test succeeded 
test succeeded 
test succeeded 
test succeeded 
test succeeded 
test succeeded 
test succeeded 
test succeeded 
test succeeded 
test succeeded 
test succeeded 
test succeeded 
test succeeded 
test succeeded 
test succeeded 
test succeeded 
test succeeded 
test succeeded 
test succeeded 
test succeeded 
test succeeded 
test succeeded 
test succeeded 
test succeeded 
test succeeded 
test succeeded 
test succeeded 
test succeeded 
test succeeded 
test succeeded 
test succeeded 
test succeeded 
test succeeded 
test succeeded 
test succeeded 
test succeeded 
test succeeded 
test succeeded 
test succeeded 
test succeeded 
test succeeded 
test succeeded 
test succeeded 
test succeeded 
test succeeded 
test succeeded 
test succeeded 
test succeeded 
test succeeded 
test succeeded 
test succeeded 
test succeeded 
test succeeded 
test succeeded 
test succeeded 
test succeeded 
test succeeded 
test succeeded 
test succeeded 
test succeeded 
test succeeded 
test succeeded 
test succeeded 
test succeeded 
test succeeded 
test succeeded 
test succeeded 
test succeeded 
test succeeded 
test succeeded 
test succeeded 
test succeeded 
test succeeded 
test succeeded 
test succeeded 
test succeeded 
test succeeded 
test succeeded 
test succeeded 
test succeeded 
test succeeded 
test succeeded 
test succeeded 
test succeeded 
test succeeded 
test succeeded 
test succeeded 
test succeeded 
test succeeded 
test succeeded 
test succeeded 
test succeeded 
test succeeded 
test succeeded 
test succeeded 
test succeeded 
test succeeded 
test succeeded 
test succeeded 
test succeeded 
test succeeded 
test succeeded 
test succeeded 
test succeeded 
test succeeded 
test succeeded 
test succeeded 
test succeeded 
test succeeded 
test succeeded 
test succeeded 
test succeeded 
test succeeded 
test succeeded 
test succeeded 
test succeeded 
test succeeded 
test succeeded 
test succeeded 
test succeeded 
test succeeded 
test succeeded 
test succeeded 
test succeeded 
test succeeded 
test succeeded 
test succeeded 
test succeeded 
test succeeded 
test succeeded 
test succeeded 
test succeeded 
test succeeded 
test succeeded 
test succeeded 
test succeeded 
test succeeded 
test succeeded 
test succeeded 
test succeeded 
test succeeded 
test succeeded 
test succeeded 
test succeeded 
test succeeded 
test succeeded 
test succeeded 
test succeeded 
test succeeded 
test succeeded 
test succeeded 
test succeeded 
test succeeded 
test succeeded 
test succeeded 
test succeeded 
test succeeded 
test succeeded 
test succeeded 
test succeeded 
test succeeded 
test succeeded 
test succeeded 
test succeeded 
test succeeded 
test succeeded 
test succeeded 
test succeeded 
test succeeded 
test succeeded 
test succeeded 
test succeeded 
test succeeded 
test succeeded 
test succeeded 
test succeeded 
test succeeded 
test succeeded 
test succeeded 
test succeeded 
test succeeded 
test succeeded 
test succeeded 
test succeeded 
test succeeded 
test succeeded 
test succeeded 
test succeeded 
test succeeded 
test succeeded 
test succeeded 
test succeeded 
test succeeded 
test succeeded 
test succeeded 
test succeeded 
test succeeded 
test succeeded 
test succeeded 
test succeeded 
test succeeded 
test succeeded 
test succeeded 
test succeeded 
test succeeded 
test succeeded 
test succeeded 
test succeeded 
test succeeded 
test succeeded 
test succeeded 
test succeeded 
test succeeded 
test succeeded 
test succeeded 
test succeeded 
test succeeded 
test succeeded 
test succeeded 
test succeeded 
test succeeded 
test succeeded 
test succeeded 
test succeeded 
test succeeded 
test succeeded 
test succeeded 
test succeeded 
test succeeded 
test succeeded 
test succeeded 
test succeeded 
test succeeded 
test succeeded 
test succeeded 
test succeeded 
test succeeded 
test succeeded 
test succeeded 
test succeeded 
test succeeded 
test succeeded 
test succeeded 
test succeeded 
test succeeded 
test succeeded 
test succeeded 
test succeeded 
test succeeded 
test succeeded 
test succeeded 
test succeeded 
test succeeded 
test succeeded 
test succeeded 
test succeeded 
test succeeded 
test succeeded 
test succeeded 
test succeeded 
test succeeded 
test succeeded 
test succeeded 
test succeeded 
test succeeded 
test succeeded 
test succeeded 
test succeeded 
test succeeded 
test succeeded 
test succeeded 
test succeeded 
test succeeded 
test succeeded 
test succeeded 
test succeeded 
test succeeded 
test succeeded 
test succeeded 
test succeeded 
test succeeded 
test succeeded 
test succeeded 
test succeeded 
test succeeded 
test succeeded 
test succeeded 
test succeeded 
test succeeded 
test succeeded 
test succeeded 
test succeeded 
test succeeded 
test succeeded 
test succeeded 
test succeeded 
test succeeded 
test succeeded 
test succeeded 
test succeeded 
test succeeded 
test succeeded 
test succeeded 
test succeeded 
test succeeded 
test succeeded 
test succeeded 
test succeeded 
test succeeded 
test succeeded 
test succeeded 
test succeeded 
test succeeded 
test succeeded 
test succeeded 
test succeeded 
test succeeded 
test succeeded 
test succeeded 
test succeeded 
test succeeded 
test succeeded 
test succeeded 
test succeeded 
test succeeded 
test succeeded 
test succeeded 
test succeeded 
test succeeded 
test succeeded 
test succeeded 
test succeeded 
test succeeded 
test succeeded 
test succeeded 
test succeeded 
test succeeded 
test succeeded 
test succeeded 
test succeeded 
test succeeded 
test succeeded 
test succeeded 
test succeeded 
test succeeded 
test succeeded 
test succeeded 
test succeeded 
test succeeded 
test succeeded 
test succeeded 
test succeeded 
test succeeded 
test succeeded 
test succeeded 
test succeeded 
test succeeded 
test succeeded 
test succeeded 
test succeeded 
test succeeded 
test succeeded 
test succeeded 
test succeeded 
test succeeded 
test succeeded 
test succeeded 
test succeeded 
test succeeded 
test succeeded 
test succeeded 
test succeeded 
test succeeded 
test succeeded 
test succeeded 
test succeeded 
test succeeded 
test succeeded 
test succeeded 
test succeeded 
test succeeded 
test succeeded 
test succeeded 
test succeeded 
test succeeded 
test succeeded 
test succeeded 
test succeeded 
test succeeded 
test succeeded 
test succeeded 
test succeeded 
test succeeded 
test succeeded 
test succeeded 
test succeeded 
test succeeded 
test succeeded 
test succeeded 
test succeeded 
test succeeded 
test succeeded 
test succeeded 
test succeeded 
test succeeded 
test succeeded 
test succeeded 
test succeeded 
test succeeded 
test succeeded 
test succeeded 
test succeeded 
test succeeded 
test succeeded 
test succeeded 
test succeeded 
test succeeded 
test succeeded 
test succeeded 
test succeeded 
test succeeded 
test succeeded 
test succeeded 
test succeeded 
test succeeded 
test succeeded 
test succeeded 
test succeeded 
test succeeded 
test succeeded 
test succeeded 
test succeeded 
test succeeded 
test succeeded 
test succeeded 
test succeeded 
test succeeded 
test succeeded 
test succeeded 
test succeeded 
test succeeded 
test succeeded 
test succeeded 
test succeeded 
test succeeded 
test succeeded 
test succeeded 
test succeeded 
test succeeded 
test succeeded 
test succeeded 
test succeeded 
test succeeded 
test succeeded 
test succeeded 
test succeeded 
test succeeded 
test succeeded 
test succeeded 
test succeeded 
test succeeded 
test succeeded 
test succeeded 
test succeeded 
test succeeded 
test succeeded 
test succeeded 
test succeeded 
test succeeded 
test succeeded 
test succeeded 
test succeeded 
test succeeded 
test succeeded 
test succeeded 
test succeeded 
test succeeded 
test succeeded 
test succeeded 
test succeeded 
test succeeded 
test succeeded 
test succeeded 
test succeeded 
test succeeded 
test succeeded 
test succeeded 
test succeeded 
test succeeded 
test succeeded 
test succeeded 
test succeeded 
test succeeded 
test succeeded 
test succeeded 
test succeeded 
test succeeded 
test succeeded 
test succeeded 
test succeeded 
test succeeded 
test succeeded 
test succeeded 
test succeeded 
test succeeded 
test succeeded 
test succeeded 
test succeeded 
test succeeded 
test succeeded 
test succeeded 
test succeeded 
test succeeded 
test succeeded 
test succeeded 
test succeeded 
test succeeded 
test succeeded 
test succeeded 
test succeeded 
test succeeded 
test succeeded 
test succeeded 
test succeeded 
test succeeded 
test succeeded 
test succeeded 
test succeeded 
test succeeded 
test succeeded 
test succeeded 
test succeeded 
test succeeded 
test succeeded 
test succeeded 
test succeeded 
test succeeded 
test succeeded 
test succeeded 
test succeeded 
test succeeded 
test succeeded 
test succeeded 
test succeeded 
test succeeded 
test succeeded 
test succeeded 
test succeeded 
test succeeded 
test succeeded 
test succeeded 
test succeeded 
test succeeded 
test succeeded 
test succeeded 
test succeeded 
test succeeded 
test succeeded 
test succeeded 
test succeeded 
test succeeded 
test succeeded 
test succeeded 
test succeeded 
test succeeded 
test succeeded 
test succeeded 
test succeeded 
test succeeded 
test succeeded 
test succeeded 
test succeeded 
test succeeded 
test succeeded 
test succeeded 
test succeeded 
test succeeded 
test succeeded 
test succeeded 
test succeeded 
test succeeded 
test succeeded 
test succeeded 
test succeeded 
test succeeded 
test succeeded 
test succeeded 
test succeeded 
test succeeded 
test succeeded 
test succeeded 
test succeeded 
test succeeded 
test succeeded 
test succeeded 
test succeeded 
test succeeded 
test succeeded 
test succeeded 
test succeeded 
test succeeded 
test succeeded 
test succeeded 
test succeeded 
test succeeded 
test succeeded 
test succeeded 
test succeeded 
test succeeded 
test succeeded 
test succeeded 
test succeeded 
test succeeded 
test succeeded 
test succeeded 
test succeeded 
test succeeded 
test succeeded 
test succeeded 
test succeeded 
test succeeded 
test succeeded 
test succeeded 
test succeeded 
test succeeded 
test succeeded 
test succeeded 
test succeeded 
test succeeded 
test succeeded 
test succeeded 
test succeeded 
test succeeded 
test succeeded 
test succeeded 
test succeeded 
test succeeded 
test succeeded 
test succeeded 
test succeeded 
test succeeded 
test succeeded 
test succeeded 
test succeeded 
test succeeded 
test succeeded 
test succeeded 
test succeeded 
test succeeded 
test succeeded 
test succeeded 
test succeeded 
test succeeded 
test succeeded 
test succeeded 
test succeeded 
test succeeded 
test succeeded 
test succeeded 
test succeeded 
test succeeded 
test succeeded 
test succeeded 
test succeeded 
test succeeded 
test succeeded 
test succeeded 
test succeeded 
test succeeded 
test succeeded 
test succeeded 
test succeeded 
test succeeded 
test succeeded 
test succeeded 
test succeeded 
test succeeded 
test succeeded 
test succeeded 
test succeeded 
test succeeded 
test succeeded 
test succeeded 
test succeeded 
test succeeded 
test succeeded 
test succeeded 
test succeeded 
test succeeded 
test succeeded 
test succeeded 
test succeeded 
test succeeded 
test succeeded 
test succeeded 
test succeeded 
test succeeded 
test succeeded 
test succeeded 
test succeeded 
test succeeded 
test succeeded 
test succeeded 
test succeeded 
test succeeded 
test succeeded 
test succeeded 
test succeeded 
test succeeded 
test succeeded 
test succeeded 
test succeeded 
test succeeded 
test succeeded 
test succeeded 
test succeeded 
test succeeded 
test succeeded 
test succeeded 
test succeeded 
test succeeded 
test succeeded 
test succeeded 
test succeeded 
test succeeded 
test succeeded 
test succeeded 
test succeeded 
test succeeded 
test succeeded 
test succeeded 
test succeeded 
test succeeded 
test succeeded 
test succeeded 
test succeeded 
test succeeded 
test succeeded 
test succeeded 
test succeeded 
test succeeded 
test succeeded 
test succeeded 
test succeeded 
test succeeded 
test succeeded 
test succeeded 
test succeeded 
test succeeded 
test succeeded 
test succeeded 
test succeeded 
test succeeded 
test succeeded 
test succeeded 
test succeeded 
test succeeded 
test succeeded 
test succeeded 
test succeeded 
test succeeded 
test succeeded 
test succeeded 
test succeeded 
test succeeded 
test succeeded 
test succeeded 
test succeeded 
test succeeded 
test succeeded 
test succeeded 
test succeeded 
test succeeded 
test succeeded 
test succeeded 
test succeeded 
test succeeded 
test succeeded 
test succeeded 
test succeeded 
test succeeded 
test succeeded 
test succeeded 
test succeeded 
test succeeded 
test succeeded 
test succeeded 
test succeeded 
test succeeded 
test succeeded 
test succeeded 
test succeeded 
test succeeded 
test succeeded 
test succeeded 
test succeeded 
test succeeded 
test succeeded 
test succeeded 
test succeeded 
test succeeded 
test succeeded 
test succeeded 
test succeeded 
test succeeded 
test succeeded 
test succeeded 
test succeeded 
test succeeded 
test succeeded 
test succeeded 
test succeeded 
test succeeded 
test succeeded 
test succeeded 
test succeeded 
test succeeded 
test succeeded 
test succeeded 
test succeeded 
test succeeded 
test succeeded 
test succeeded 
test succeeded 
test succeeded 
test succeeded 
test succeeded 
test succeeded 
test succeeded 
test succeeded 
test succeeded 
test succeeded 
test succeeded 
test succeeded 
test succeeded 
test succeeded 
test succeeded 
test succeeded 
test succeeded 
test succeeded 
test succeeded 
test succeeded 
test succeeded 
test succeeded 
test succeeded 
test succeeded 
test succeeded 
test succeeded 
test succeeded 
test succeeded 
test succeeded 
test succeeded 
test succeeded 
test succeeded 
test succeeded 
test succeeded 
test succeeded 
test succeeded 
test succeeded 
test succeeded 
test succeeded 
test succeeded 
test succeeded 
test succeeded 
test succeeded 
test succeeded 
test succeeded 
test succeeded 
test succeeded 
test succeeded 
test succeeded 
test succeeded 
test succeeded 
test succeeded 
test succeeded 
test succeeded 
test succeeded 
test succeeded 
test succeeded 
test succeeded 
test succeeded 
test succeeded 
test succeeded 
test succeeded 
test succeeded 
test succeeded 
test succeeded 
test succeeded 
test succeeded 
test succeeded 
test succeeded 
test succeeded 
test succeeded 
test succeeded 
test succeeded 
test succeeded 
test succeeded 
test succeeded 
test succeeded 
test succeeded 
test succeeded 
test succeeded 
test succeeded 
test succeeded 
test succeeded 
test succeeded 
test succeeded 
test succeeded 
test succeeded 
test succeeded 
test succeeded 
test succeeded 
test succeeded 
test succeeded 
test succeeded 
test succeeded 
test succeeded 
test succeeded 
test succeeded 
test succeeded 
test succeeded 
test succeeded 
test succeeded 
test succeeded 
test succeeded 
test succeeded 
test succeeded 
test succeeded 
test succeeded 
test succeeded 
test succeeded 
test succeeded 
test succeeded 
test succeeded 
test succeeded 
test succeeded 
test succeeded 
test succeeded 
test succeeded 
test succeeded 
test succeeded 
test succeeded 
test succeeded 
test succeeded 
test succeeded 
test succeeded 
test succeeded 
test succeeded 
test succeeded 
test succeeded 
test succeeded 
test succeeded 
test succeeded 
test succeeded 
test succeeded 
test succeeded 
test succeeded 
test succeeded 
test succeeded 
test succeeded 
test succeeded 
test succeeded 
test succeeded 
test succeeded 
test succeeded 
test succeeded 
test succeeded 
test succeeded 
test succeeded 
test succeeded 
test succeeded 
test succeeded 
test succeeded 
test succeeded 
test succeeded 
test succeeded 
test succeeded 
test succeeded 
test succeeded 
test succeeded 
test succeeded 
test succeeded 
test succeeded 
test succeeded 
test succeeded 
test succeeded 
test succeeded 
test succeeded 
test succeeded 
test succeeded 
test succeeded 
test succeeded 
test succeeded 
test succeeded 
test succeeded 
test succeeded 
test succeeded 
test succeeded 
test succeeded 
test succeeded 
test succeeded 
test succeeded 
test succeeded 
test succeeded 
test succeeded 
test succeeded 
test succeeded 
test succeeded 
test succeeded 
test succeeded 
test succeeded 
test succeeded 
test succeeded 
test succeeded 
test succeeded 
test succeeded 
test succeeded 
test succeeded 
test succeeded 
test succeeded 
test succeeded 
test succeeded 
test succeeded 
test succeeded 
test succeeded 
test succeeded 
test succeeded 
test succeeded 
test succeeded 
test succeeded 
test succeeded 
test succeeded 
test succeeded 
test succeeded 
test succeeded 
test succeeded 
test succeeded 
test succeeded 
test succeeded 
test succeeded 
test succeeded 
test succeeded 
test succeeded 
test succeeded 
test succeeded 
test succeeded 
test succeeded 
test succeeded 
test succeeded 
test succeeded 
test succeeded 
test succeeded 
test succeeded 
test succeeded 
test succeeded 
test succeeded 
test succeeded 
test succeeded 
test succeeded 
test succeeded 
test succeeded 
test succeeded 
test succeeded 
test succeeded 
test succeeded 
test succeeded 
test succeeded 
test succeeded 
test succeeded 
test succeeded 
test succeeded 
test succeeded 
test succeeded 
test succeeded 
test succeeded 
test succeeded 
test succeeded 
test succeeded 
test succeeded 
test succeeded 
test succeeded 
test succeeded 
test succeeded 
test succeeded 
test succeeded 
test succeeded 
test succeeded 
test succeeded 
test succeeded 
test succeeded 
test succeeded 
test succeeded 
test succeeded 
test succeeded 
test succeeded 
test succeeded 
test succeeded 
test succeeded 
test succeeded 
test succeeded 
test succeeded 
test succeeded 
test succeeded 
test succeeded 
test succeeded 
test succeeded 
test succeeded 
test succeeded 
test succeeded 
test succeeded 
test succeeded 
test succeeded 
test succeeded 
test succeeded 
test succeeded 
test succeeded 
test succeeded 
test succeeded 
test succeeded 
test succeeded 
test succeeded 
test succeeded 
test succeeded 
test succeeded 
test succeeded 
test succeeded 
test succeeded 
test succeeded 
test succeeded 
test succeeded 
test succeeded 
test succeeded 
test succeeded 
test succeeded 
test succeeded 
test succeeded 
test succeeded 
test succeeded 
test succeeded 
test succeeded 
test succeeded 
test succeeded 
test succeeded 
test succeeded 
test succeeded 
test succeeded 
test succeeded 
test succeeded 
test succeeded 
test succeeded 
test succeeded 
test succeeded 
test succeeded 
test succeeded 
test succeeded 
test succeeded 
test succeeded 
test succeeded 
test succeeded 
test succeeded 
test succeeded 
test succeeded 
test succeeded 
test succeeded 
test succeeded 
test succeeded 
test succeeded 
test succeeded 
test succeeded 
test succeeded 
test succeeded 
test succeeded 
test succeeded 
test succeeded 
test succeeded 
test succeeded 
test succeeded 
test succeeded 
test succeeded 
test succeeded 
test succeeded 
test succeeded 
test succeeded 
test succeeded 
test succeeded 
test succeeded 
test succeeded 
test succeeded 
test succeeded 
test succeeded 
test succeeded 
test succeeded 
test succeeded 
test succeeded 
test succeeded 
test succeeded 
test succeeded 
test succeeded 
test succeeded 
test succeeded 
test succeeded 
test succeeded 
test succeeded 
test succeeded 
test succeeded 
test succeeded 
test succeeded 
test succeeded 
test succeeded 
test succeeded 
test succeeded 
test succeeded 
test succeeded 
test succeeded 
test succeeded 
test succeeded 
test succeeded 
test succeeded 
test succeeded 
test succeeded 
test succeeded 
test succeeded 
test succeeded 
test succeeded 
test succeeded 
test succeeded 
test succeeded 
test succeeded 
test succeeded 
test succeeded 
test succeeded 
test succeeded 
test succeeded 
test succeeded 
test succeeded 
test succeeded 
test succeeded 
test succeeded 
test succeeded 
test succeeded 
test succeeded 
test succeeded 
test succeeded 
test succeeded 
test succeeded 
test succeeded 
test succeeded 
test succeeded 
test succeeded 
test succeeded 
test succeeded 
test succeeded 
test succeeded 
test succeeded 
test succeeded 
test succeeded 
test succeeded 
test succeeded 
test succeeded 
test succeeded 
test succeeded 
test succeeded 
test succeeded 
test succeeded 
test succeeded 
test succeeded 
test succeeded 
test succeeded 
test succeeded 
test succeeded 
test succeeded 
test succeeded 
test succeeded 
test succeeded 
test succeeded 
test succeeded 
test succeeded 
test succeeded 
test succeeded 
test succeeded 
test succeeded 
test succeeded 
test succeeded 
test succeeded 
test succeeded 
test succeeded 
test succeeded 
test succeeded 
test succeeded 
test succeeded 
test succeeded 
test succeeded 
test succeeded 
test succeeded 
test succeeded 
test succeeded 
test succeeded 
test succeeded 
test succeeded 
test succeeded 
test succeeded 
test succeeded 
test succeeded 
test succeeded 
test succeeded 
test succeeded 
test succeeded 
test succeeded 
test succeeded 
test succeeded 
test succeeded 
test succeeded 
test succeeded 
test succeeded 
test succeeded 
test succeeded 
test succeeded 
test succeeded 
test succeeded 
test succeeded 
test succeeded 
test succeeded 
test succeeded 
test succeeded 
test succeeded 
test succeeded 
test succeeded 
test succeeded 
test succeeded 
test succeeded 
test succeeded 
test succeeded 
test succeeded 
test succeeded 
test succeeded 
test succeeded 
test succeeded 
test succeeded 
test succeeded 
test succeeded 
test succeeded 
test succeeded 
test succeeded 
test succeeded 
test succeeded 
test succeeded 
test succeeded 
test succeeded 
test succeeded 
test succeeded 
test succeeded 
test succeeded 
test succeeded 
test succeeded 
test succeeded 
test succeeded 
test succeeded 
test succeeded 
test succeeded 
test succeeded 
test succeeded 
test succeeded 
test succeeded 
test succeeded 
test succeeded 
test succeeded 
test succeeded 
test succeeded 
test succeeded 
test succeeded 
test succeeded 
test succeeded 
test succeeded 
test succeeded 
test succeeded 
test succeeded 
test succeeded 
test succeeded 
test succeeded 
test succeeded 
test succeeded 
test succeeded 
test succeeded 
test succeeded 
test succeeded 
test succeeded 
test succeeded 
test succeeded 
test succeeded 
test succeeded 
test succeeded 
test succeeded 
test succeeded 
test succeeded 
test succeeded 
test succeeded 
test succeeded 
test succeeded 
test succeeded 
test succeeded 
test succeeded 
test succeeded 
test succeeded 
test succeeded 
test succeeded 
test succeeded 
test succeeded 
test succeeded 
test succeeded 
test succeeded 
test succeeded 
test succeeded 
test succeeded 
test succeeded 
test succeeded 
test succeeded 
test succeeded 
test succeeded 
test succeeded 
test succeeded 
test succeeded 
test succeeded 
test succeeded 
test succeeded 
test succeeded 
test succeeded 
test succeeded 
test succeeded 
test succeeded 
test succeeded 
test succeeded 
test succeeded 
test succeeded 
test succeeded 
test succeeded 
test succeeded 
test succeeded 
test succeeded 
test succeeded 
test succeeded 
test succeeded 
test succeeded 
test succeeded 
test succeeded 
test succeeded 
test succeeded 
test succeeded 
test succeeded 
test succeeded 
test succeeded 
test succeeded 
test succeeded 
test succeeded 
test succeeded 
test succeeded 
test succeeded 
test succeeded 
test succeeded 
test succeeded 
test succeeded 
test succeeded 
test succeeded 
test succeeded 
test succeeded 
test succeeded 
test succeeded 
test succeeded 
test succeeded 
test succeeded 
test succeeded 
test succeeded 
test succeeded 
test succeeded 
test succeeded 
test succeeded 
test succeeded 
test succeeded 
test succeeded 
test succeeded 
test succeeded 
test succeeded 
test succeeded 
test succeeded 
test succeeded 
test succeeded 
test succeeded 
test succeeded 
test succeeded 
test succeeded 
test succeeded 
test succeeded 
test succeeded 
test succeeded 
test succeeded 
test succeeded 
test succeeded 
test succeeded 
test succeeded 
test succeeded 
test succeeded 
test succeeded 
test succeeded 
test succeeded 
test succeeded 
test succeeded 
test succeeded 
test succeeded 
test succeeded 
test succeeded 
test succeeded 
test succeeded 
test succeeded 
test succeeded 
test succeeded 
test succeeded 
test succeeded 
test succeeded 
test succeeded 
test succeeded 
test succeeded 
test succeeded 
test succeeded 
test succeeded 
test succeeded 
test succeeded 
test succeeded 
test succeeded 
test succeeded 
test succeeded 
test succeeded 
test succeeded 
test succeeded 
test succeeded 
test succeeded 
test succeeded 
test succeeded 
test succeeded 
test succeeded 
test succeeded 
test succeeded 
test succeeded 
test succeeded 
test succeeded 
test succeeded 
test succeeded 
test succeeded 
test succeeded 
test succeeded 
test succeeded 
test succeeded 
test succeeded 
test succeeded 
test succeeded 
test succeeded 
test succeeded 
test succeeded 
test succeeded 
test succeeded 
test succeeded 
test succeeded 
test succeeded 
test succeeded 
test succeeded 
test succeeded 
test succeeded 
test succeeded 
test succeeded 
test succeeded 
test succeeded 
test succeeded 
test succeeded 
test succeeded 
test succeeded 
test succeeded 
test succeeded 
test succeeded 
test succeeded 
test succeeded 
test succeeded 
test succeeded 
test succeeded 
test succeeded 
test succeeded 
test succeeded 
test succeeded 
test succeeded 
test succeeded 
test succeeded 
test succeeded 
test succeeded 
test succeeded 
test succeeded 
test succeeded 
test succeeded 
test succeeded 
test succeeded 
test succeeded 
test succeeded 
test succeeded 
test succeeded 
test succeeded 
test succeeded 
test succeeded 
test succeeded 
test succeeded 
test succeeded 
test succeeded 
test succeeded 
test succeeded 
test succeeded 
test succeeded 
test succeeded 
test succeeded 
test succeeded 
test succeeded 
test succeeded 
test succeeded 
test succeeded 
test succeeded 
test succeeded 
test succeeded 
test succeeded 
test succeeded 
test succeeded 
test succeeded 
test succeeded 
test succeeded 
test succeeded 
test succeeded 
test succeeded 
test succeeded 
test succeeded 
test succeeded 
test succeeded 
test succeeded 
test succeeded 
test succeeded 
test succeeded 
test succeeded 
test succeeded 
test succeeded 
test succeeded 
test succeeded 
test succeeded 
test succeeded 
test succeeded 
test succeeded 
test succeeded 
test succeeded 
test succeeded 
test succeeded 
test succeeded 
test succeeded 
test succeeded 
test succeeded 
test succeeded 
test succeeded 
test succeeded 
test succeeded 
test succeeded 
test succeeded 
test succeeded 
test succeeded 
test succeeded 
test succeeded 
test succeeded 
test succeeded 
test succeeded 
test succeeded 
test succeeded 
test succeeded 
test succeeded 
test succeeded 
test succeeded 
test succeeded 
test succeeded 
test succeeded 
test succeeded 
test succeeded 
test succeeded 
test succeeded 
test succeeded 
test succeeded 
test succeeded 
test succeeded 
test succeeded 
test succeeded 
test succeeded 
test succeeded 
test succeeded 
test succeeded 
test succeeded 
test succeeded 
test succeeded 
test succeeded 
test succeeded 
test succeeded 
test succeeded 
test succeeded 
test succeeded 
test succeeded 
test succeeded 
test succeeded 
test succeeded 
test succeeded 
test succeeded 
test succeeded 
test succeeded 
test succeeded 
test succeeded 
test succeeded 
test succeeded 
test succeeded 
test succeeded 
test succeeded 
test succeeded 
test succeeded 
test succeeded 
test succeeded 
test succeeded 
test succeeded 
test succeeded 
test succeeded 
test succeeded 
test succeeded 
test succeeded 
test succeeded 
test succeeded 
test succeeded 
test succeeded 
test succeeded 
test succeeded 
test succeeded 
test succeeded 
test succeeded 
test succeeded 
test succeeded 
test succeeded 
test succeeded 
test succeeded 
test succeeded 
test succeeded 
test succeeded 
test succeeded 
test succeeded 
test succeeded 
test succeeded 
test succeeded 
test succeeded 
test succeeded 
test succeeded 
test succeeded 
test succeeded 
test succeeded 
test succeeded 
test succeeded 
test succeeded 
test succeeded 
test succeeded 
test succeeded 
test succeeded 
test succeeded 
test succeeded 
test succeeded 
test succeeded 
test succeeded 
test succeeded 
test succeeded 
test succeeded 
test succeeded 
test succeeded 
test succeeded 
test succeeded 
test succeeded 
test succeeded 
test succeeded 
test succeeded 
test succeeded 
test succeeded 
test succeeded 
test succeeded 
test succeeded 
test succeeded 
test succeeded 
test succeeded 
test succeeded 
test succeeded 
test succeeded 
test succeeded 
test succeeded 
test succeeded 
test succeeded 
test succeeded 
test succeeded 
test succeeded 
test succeeded 
test succeeded 
test succeeded 
test succeeded 
test succeeded 
test succeeded 
test succeeded 
test succeeded 
test succeeded 
test succeeded 
test succeeded 
test succeeded 
test succeeded 
test succeeded 
test succeeded 
test succeeded 
test succeeded 
test succeeded 
test succeeded 
test succeeded 
test succeeded 
test succeeded 
test succeeded 
test succeeded 
test succeeded 
test succeeded 
test succeeded 
test succeeded 
test succeeded 
test succeeded 
test succeeded 
test succeeded 
test succeeded 
test succeeded 
test succeeded 
test succeeded 
test succeeded 
test succeeded 
test succeeded 
test succeeded 
test succeeded 
test succeeded 
test succeeded 
test succeeded 
test succeeded 
test succeeded 
test succeeded 
test succeeded 
test succeeded 
test succeeded 
test succeeded 
test succeeded 
test succeeded 
test succeeded 
test succeeded 
test succeeded 
test succeeded 
test succeeded 
test succeeded 
test succeeded 
test succeeded 
test succeeded 
test succeeded 
test succeeded 
test succeeded 
test succeeded 
test succeeded 
test succeeded 
test succeeded 
test succeeded 
test succeeded 
test succeeded 
test succeeded 
test succeeded 
test succeeded 
test succeeded 
test succeeded 
test succeeded 
test succeeded 
test succeeded 
test succeeded 
test succeeded 
test succeeded 
test succeeded 
test succeeded 
test succeeded 
test succeeded 
test succeeded 
test succeeded 
test succeeded 
test succeeded 
test succeeded 
test succeeded 
test succeeded 
test succeeded 
test succeeded 
test succeeded 
test succeeded 
test succeeded 
test succeeded 
test succeeded 
test succeeded 
test succeeded 
test succeeded 
test succeeded 
test succeeded 
test succeeded 
test succeeded 
test succeeded 
test succeeded 
test succeeded 
test succeeded 
test succeeded 
test succeeded 
test succeeded 
test succeeded 
test succeeded 
test succeeded 
test succeeded 
test succeeded 
test succeeded 
test succeeded 
test succeeded 
test succeeded 
test succeeded 
test succeeded 
test succeeded 
test succeeded 
test succeeded 
test succeeded 
test succeeded 
test succeeded 
test succeeded 
test succeeded 
test succeeded 
test succeeded 
test succeeded 
test succeeded 
test succeeded 
test succeeded 
test succeeded 
test succeeded 
test succeeded 
test succeeded 
test succeeded 
test succeeded 
test succeeded 
test succeeded 
test succeeded 
test succeeded 
test succeeded 
test succeeded 
test succeeded 
test succeeded 
test succeeded 
test succeeded 
test succeeded 
test succeeded 
test succeeded 
test succeeded 
test succeeded 
test succeeded 
test succeeded 
test succeeded 
test succeeded 
test succeeded 
test succeeded 
test succeeded 
test succeeded 
test succeeded 
test succeeded 
test succeeded 
test succeeded 
test succeeded 
test succeeded 
test succeeded 
test succeeded 
test succeeded 
test succeeded 
test succeeded 
test succeeded 
test succeeded 
test succeeded 
test succeeded 
test succeeded 
test succeeded 
test succeeded 
test succeeded 
test succeeded 
test succeeded 
test succeeded 
test succeeded 
test succeeded 
test succeeded 
test succeeded 
test succeeded 
test succeeded 
test succeeded 
test succeeded 
test succeeded 
test succeeded 
test succeeded 
test succeeded 
test succeeded 
test succeeded 
test succeeded 
test succeeded 
test succeeded 
test succeeded 
test succeeded 
test succeeded 
test succeeded 
test succeeded 
test succeeded 
test succeeded 
test succeeded 
test succeeded 
test succeeded 
test succeeded 
test succeeded 
test succeeded 
test succeeded 
test succeeded 
test succeeded 
test succeeded 
test succeeded 
test succeeded 
test succeeded 
test succeeded 
test succeeded 
test succeeded 
test succeeded 
test succeeded 
test succeeded 
test succeeded 
test succeeded 
test succeeded 
test succeeded 
test succeeded 
test succeeded 
test succeeded 
test succeeded 
test succeeded 
test succeeded 
test succeeded 
test succeeded 
test succeeded 
test succeeded 
test succeeded 
test succeeded 
test succeeded 
test succeeded 
test succeeded 
test succeeded 
test succeeded 
test succeeded 
test succeeded 
test succeeded 
test succeeded 
test succeeded 
test succeeded 
test succeeded 
test succeeded 
test succeeded 
test succeeded 
test succeeded 
test succeeded 
test succeeded 
test succeeded 
test succeeded 
test succeeded 
test succeeded 
test succeeded 
test succeeded 
test succeeded 
test succeeded 
test succeeded 
test succeeded 
test succeeded 
test succeeded 
test succeeded 
test succeeded 
test succeeded 
test succeeded 
test succeeded 
test succeeded 
test succeeded 
test succeeded 
test succeeded 
test succeeded 
test succeeded 
test succeeded 
test succeeded 
test succeeded 
test succeeded 
test succeeded 
test succeeded 
test succeeded 
test succeeded 
test succeeded 
test succeeded 
test succeeded 
test succeeded 
test succeeded 
test succeeded 
test succeeded 
test succeeded 
test succeeded 
test succeeded 
test succeeded 
test succeeded 
test succeeded 
test succeeded 
test succeeded 
test succeeded 
test succeeded 
test succeeded 
test succeeded 
test succeeded 
test succeeded 
test succeeded 
test succeeded 
test succeeded 
test succeeded 
test succeeded 
test succeeded 
test succeeded 
test succeeded 
test succeeded 
test succeeded 
test succeeded 
test succeeded 
test succeeded 
test succeeded 
test succeeded 
test succeeded 
test succeeded 
test succeeded 
test succeeded 
test succeeded 
test succeeded 
test succeeded 
test succeeded 
test succeeded 
test succeeded 
test succeeded 
test succeeded 
test succeeded 
test succeeded 
test succeeded 
test succeeded 
test succeeded 
test succeeded 
test succeeded 
test succeeded 
test succeeded 
test succeeded 
test succeeded 
test succeeded 
test succeeded 
test succeeded 
test succeeded 
test succeeded 
test succeeded 
test succeeded 
test succeeded 
test succeeded 
test succeeded 
test succeeded 
test succeeded 
test succeeded 
test succeeded 
test succeeded 
test succeeded 
test succeeded 
test succeeded 
test succeeded 
test succeeded 
test succeeded 
test succeeded 
test succeeded 
test succeeded 
test succeeded 
test succeeded 
test succeeded 
test succeeded 
test succeeded 
test succeeded 
test succeeded 
test succeeded 
test succeeded 
test succeeded 
test succeeded 
test succeeded 
test succeeded 
test succeeded 
test succeeded 
test succeeded 
test succeeded 
test succeeded 
test succeeded 
test succeeded 
test succeeded 
test succeeded 
test succeeded 
test succeeded 
test succeeded 
test succeeded 
test succeeded 
test succeeded 
test succeeded 
test succeeded 
test succeeded 
test succeeded 
test succeeded 
test succeeded 
test succeeded 
test succeeded 
test succeeded 
test succeeded 
test succeeded 
test succeeded 
test succeeded 
test succeeded 
test succeeded 
test succeeded 
test succeeded 
test succeeded 
test succeeded 
test succeeded 
test succeeded 
test succeeded 
test succeeded 
test succeeded 
test succeeded 
test succeeded 
test succeeded 
test succeeded 
test succeeded 
test succeeded 
test succeeded 
test succeeded 
test succeeded 
test succeeded 
test succeeded 
test succeeded 
test succeeded 
test succeeded 
test succeeded 
test succeeded 
test succeeded 
test succeeded 
test succeeded 
test succeeded 
test succeeded 
test succeeded 
test succeeded 
test succeeded 
test succeeded 
test succeeded 
test succeeded 
test succeeded 
test succeeded 
test succeeded 
test succeeded 
test succeeded 
test succeeded 
test succeeded 
test succeeded 
test succeeded 
test succeeded 
test succeeded 
test succeeded 
test succeeded 
test succeeded 
test succeeded 
test succeeded 
test succeeded 
test succeeded 
test succeeded 
test succeeded 
test succeeded 
test succeeded 
test succeeded 
test succeeded 
test succeeded 
test succeeded 
test succeeded 
test succeeded 
test succeeded 
test succeeded 
test succeeded 
test succeeded 
test succeeded 
test succeeded 
test succeeded 
test succeeded 
test succeeded 
test succeeded 
test succeeded 
test succeeded 
test succeeded 
test succeeded 
test succeeded 
test succeeded 
test succeeded 
test succeeded 
test succeeded 
test succeeded 
test succeeded 
test succeeded 
test succeeded 
test succeeded 
test succeeded 
test succeeded 
test succeeded 
test succeeded 
test succeeded 
test succeeded 
test succeeded 
test succeeded 
test succeeded 
test succeeded 
test succeeded 
test succeeded 
test succeeded 
test succeeded 
test succeeded 
test succeeded 
test succeeded 
test succeeded 
test succeeded 
test succeeded 
test succeeded 
test succeeded 
test succeeded 
test succeeded 
test succeeded 
test succeeded 
test succeeded 
test succeeded 
test succeeded 
test succeeded 
test succeeded 
test succeeded 
test succeeded 
test succeeded 
test succeeded 
test succeeded 
test succeeded 
test succeeded 
test succeeded 
test succeeded 
test succeeded 
test succeeded 
test succeeded 
test succeeded 
test succeeded 
test succeeded 
test succeeded 
test succeeded 
test succeeded 
test succeeded 
test succeeded 
test succeeded 
test succeeded 
test succeeded 
test succeeded 
test succeeded 
test succeeded 
test succeeded 
test succeeded 
test succeeded 
test succeeded 
test succeeded 
test succeeded 
test succeeded 
test succeeded 
test succeeded 
test succeeded 
test succeeded 
test succeeded 
test succeeded 
test succeeded 
test succeeded 
test succeeded 
test succeeded 
test succeeded 
test succeeded 
test succeeded 
test succeeded 
test succeeded 
test succeeded 
test succeeded 
test succeeded 
test succeeded 
test succeeded 
test succeeded 
test succeeded 
test succeeded 
test succeeded 
test succeeded 
test succeeded 
test succeeded 
test succeeded 
test succeeded 
test succeeded 
test succeeded 
test succeeded 
test succeeded 
test succeeded 
test succeeded 
test succeeded 
test succeeded 
test succeeded 
test succeeded 
test succeeded 
test succeeded 
test succeeded 
test succeeded 
test succeeded 
test succeeded 
test succeeded 
test succeeded 
test succeeded 
test succeeded 
test succeeded 
test succeeded 
test succeeded 
test succeeded 
test succeeded 
test succeeded 
test succeeded 
test succeeded 
test succeeded 
test succeeded 
test succeeded 
test succeeded 
test succeeded 
test succeeded 
test succeeded 
test succeeded 
test succeeded 
test succeeded 
test succeeded 
test succeeded 
test succeeded 
test succeeded 
test succeeded 
test succeeded 
test succeeded 
test succeeded 
test succeeded 
test succeeded 
test succeeded 
test succeeded 
test succeeded 
test succeeded 
test succeeded 
test succeeded 
test succeeded 
test succeeded 
test succeeded 
test succeeded 
test succeeded 
test succeeded 
test succeeded 
test succeeded 
test succeeded 
test succeeded 
test succeeded 
test succeeded 
test succeeded 
test succeeded 
test succeeded 
test succeeded 
test succeeded 
test succeeded 
test succeeded 
test succeeded 
test succeeded 
test succeeded 
test succeeded 
test succeeded 
test succeeded 
test succeeded 
test succeeded 
test succeeded 
test succeeded 
test succeeded 
test succeeded 
test succeeded 
test succeeded 
test succeeded 
test succeeded 
test succeeded 
test succeeded 
test succeeded 
test succeeded 
test succeeded 
test succeeded 
test succeeded 
test succeeded 
test succeeded 
test succeeded 
test succeeded 
test succeeded 
test succeeded 
test succeeded 
test succeeded 
test succeeded 
test succeeded 
test succeeded 
test succeeded 
test succeeded 
test succeeded 
test succeeded 
test succeeded 
test succeeded 
test succeeded 
test succeeded 
test succeeded 
test succeeded 
test succeeded 
test succeeded 
test succeeded 
test succeeded 
test succeeded 
test succeeded 
test succeeded 
test succeeded 
test succeeded 
test succeeded 
test succeeded 
test succeeded 
test succeeded 
test succeeded 
test succeeded 
test succeeded 
test succeeded 
test succeeded 
test succeeded 
test succeeded 
test succeeded 
test succeeded 
test succeeded 
test succeeded 
test succeeded 
test succeeded 
test succeeded 
test succeeded 
test succeeded 
test succeeded 
test succeeded 
test succeeded 
test succeeded 
test succeeded 
test succeeded 
test succeeded 
test succeeded 
test succeeded 
test succeeded 
test succeeded 
test succeeded 
test succeeded 
test succeeded 
test succeeded 
test succeeded 
test succeeded 
test succeeded 
test succeeded 
test succeeded 
test succeeded 
test succeeded 
test succeeded 
test succeeded 
test succeeded 
test succeeded 
test succeeded 
test succeeded 
test succeeded 
test succeeded 
test succeeded 
test succeeded 
test succeeded 
test succeeded 
test succeeded 
test succeeded 
test succeeded 
test succeeded 
test succeeded 
test succeeded 
test succeeded 
test succeeded 
test succeeded 
test succeeded 
test succeeded 
test succeeded 
test succeeded 
test succeeded 
test succeeded 
test succeeded 
test succeeded 
test succeeded 
test succeeded 
test succeeded 
test succeeded 
test succeeded 
test succeeded 
test succeeded 
test succeeded 
test succeeded 
test succeeded 
test succeeded 
test succeeded 
test succeeded 
test succeeded 
test succeeded 
test succeeded 
test succeeded 
test succeeded 
test succeeded 
test succeeded 
test succeeded 
test succeeded 
test succeeded 
test succeeded 
test succeeded 
test succeeded 
test succeeded 
test succeeded 
test succeeded 
test succeeded 
test succeeded 
test succeeded 
test succeeded 
test succeeded 
test succeeded 
test succeeded 
test succeeded 
test succeeded 
test succeeded 
test succeeded 
test succeeded 
test succeeded 
test succeeded 
test succeeded 
test succeeded 
test succeeded 
test succeeded 
test succeeded 
test succeeded 
test succeeded 
test succeeded 
test succeeded 
test succeeded 
test succeeded 
test succeeded 
test succeeded 
test succeeded 
test succeeded 
test succeeded 
test succeeded 
test succeeded 
test succeeded 
test succeeded 
test succeeded 
test succeeded 
test succeeded 
test succeeded 
test succeeded 
test succeeded 
test succeeded 
test succeeded 
test succeeded 
test succeeded 
test succeeded 
test succeeded 
test succeeded 
test succeeded 
test succeeded 
test succeeded 
test succeeded 
test succeeded 
test succeeded 
test succeeded 
test succeeded 
test succeeded 
test succeeded 
test succeeded 
test succeeded 
test succeeded 
test succeeded 
test succeeded 
test succeeded 
test succeeded 
test succeeded 
test succeeded 
test succeeded 
test succeeded 
test succeeded 
test succeeded 
test succeeded 
test succeeded 
test succeeded 
test succeeded 
test succeeded 
test succeeded 
test succeeded 
test succeeded 
test succeeded 
test succeeded 
test succeeded 
test succeeded 
test succeeded 
test succeeded 
test succeeded 
test succeeded 
test succeeded 
test succeeded 
test succeeded 
test succeeded 
test succeeded 
test succeeded 
test succeeded 
test succeeded 
test succeeded 
test succeeded 
test succeeded 
test succeeded 
test succeeded 
test succeeded 
test succeeded 
test succeeded 
test succeeded 
test succeeded 
test succeeded 
test succeeded 
test succeeded 
test succeeded 
test succeeded 
test succeeded 
test succeeded 
test succeeded 
test succeeded 
test succeeded 
test succeeded 
test succeeded 
test succeeded 
test succeeded 
test succeeded 
test succeeded 
test succeeded 
test succeeded 
test succeeded 
test succeeded 
test succeeded 
test succeeded 
test succeeded 
test succeeded 
test succeeded 
test succeeded 
test succeeded 
test succeeded 
test succeeded 
test succeeded 
test succeeded 
test succeeded 
test succeeded 
test succeeded 
test succeeded 
test succeeded 
test succeeded 
test succeeded 
test succeeded 
test succeeded 
test succeeded 
test succeeded 
test succeeded 
test succeeded 
test succeeded 
test succeeded 
test succeeded 
test succeeded 
test succeeded 
test succeeded 
test succeeded 
test succeeded 
test succeeded 
test succeeded 
test succeeded 
test succeeded 
test succeeded 
test succeeded 
test succeeded 
test succeeded 
test succeeded 
test succeeded 
test succeeded 
test succeeded 
test succeeded 
test succeeded 
test succeeded 
test succeeded 
test succeeded 
test succeeded 
test succeeded 
test succeeded 
test succeeded 
test succeeded 
test succeeded 
test succeeded 
test succeeded 
test succeeded 
test succeeded 
test succeeded 
test succeeded 
test succeeded 
test succeeded 
test succeeded 
test succeeded 
test succeeded 
test succeeded 
test succeeded 
test succeeded 
test succeeded 
test succeeded 
test succeeded 
test succeeded 
test succeeded 
test succeeded 
test succeeded 
test succeeded 
test succeeded 
test succeeded 
test succeeded 
test succeeded 
test succeeded 
test succeeded 
test succeeded 
test succeeded 
test succeeded 
test succeeded 
test succeeded 
test succeeded 
test succeeded 
test succeeded 
test succeeded 
test succeeded 
test succeeded 
test succeeded 
test succeeded 
test succeeded 
test succeeded 
test succeeded 
test succeeded 
test succeeded 
test succeeded 
test succeeded 
test succeeded 
test succeeded 
test succeeded 
test succeeded 
test succeeded 
test succeeded 
test succeeded 
test succeeded 
test succeeded 
test succeeded 
test succeeded 
test succeeded 
test succeeded 
test succeeded 
test succeeded 
test succeeded 
test succeeded 
test succeeded 
test succeeded 
test succeeded 
test succeeded 
test succeeded 
test succeeded 
test succeeded 
test succeeded 
test succeeded 
test succeeded 
test succeeded 
test succeeded 
test succeeded 
test succeeded 
test succeeded 
test succeeded 
test succeeded 
test succeeded 
test succeeded 
test succeeded 
test succeeded 
test succeeded 
test succeeded 
test succeeded 
test succeeded 
test succeeded 
test succeeded 
test succeeded 
test succeeded 
test succeeded 
test succeeded 
test succeeded 
test succeeded 
test succeeded 
test succeeded 
test succeeded 
test succeeded 
test succeeded 
test succeeded 
test succeeded 
test succeeded 
test succeeded 
test succeeded 
test succeeded 
test succeeded 
test succeeded 
test succeeded 
test succeeded 
test succeeded 
test succeeded 
test succeeded 
test succeeded 
test succeeded 
test succeeded 
test succeeded 
test succeeded 
test succeeded 
test succeeded 
test succeeded 
test succeeded 
test succeeded 
test succeeded 
test succeeded 
test succeeded 
test succeeded 
test succeeded 
test succeeded 
test succeeded 
test succeeded 
test succeeded 
test succeeded 
test succeeded 
test succeeded 
test succeeded 
test succeeded 
test succeeded 
test succeeded 
test succeeded 
test succeeded 
test succeeded 
test succeeded 
test succeeded 
test succeeded 
test succeeded 
test succeeded 
test succeeded 
test succeeded 
test succeeded 
test succeeded 
test succeeded 
test succeeded 
test succeeded 
test succeeded 
test succeeded 
test succeeded 
test succeeded 
test succeeded 
test succeeded 
test succeeded 
test succeeded 
test succeeded 
test succeeded 
test succeeded 
test succeeded 
test succeeded 
test succeeded 
test succeeded 
test succeeded 
test succeeded 
test succeeded 
test succeeded 
test succeeded 
test succeeded 
test succeeded 
test succeeded 
test succeeded 
test succeeded 
test succeeded 
test succeeded 
test succeeded 
test succeeded 
test succeeded 
test succeeded 
test succeeded 
test succeeded 
test succeeded 
test succeeded 
test succeeded 
test succeeded 
test succeeded 
test succeeded 
test succeeded 
test succeeded 
test succeeded 
test succeeded 
test succeeded 
test succeeded 
test succeeded 
test succeeded 
test succeeded 
test succeeded 
test succeeded 
test succeeded 
test succeeded 
test succeeded 
test succeeded 
test succeeded 
test succeeded 
test succeeded 
test succeeded 
test succeeded 
test succeeded 
test succeeded 
test succeeded 
test succeeded 
test succeeded 
test succeeded 
test succeeded 
test succeeded 
test succeeded 
test succeeded 
test succeeded 
test succeeded 
test succeeded 
test succeeded 
test succeeded 
test succeeded 
test succeeded 
test succeeded 
test succeeded 
test succeeded 
test succeeded 
test succeeded 
test succeeded 
test succeeded 
test succeeded 
test succeeded 
test succeeded 
